### buffer_size=auto
copying 0 paths...
copying 0 paths...
== linux module load cycle 1/1 ==
peer 1 backend=apple rails=1
  rail=0x0 route=0x2 local=0 remote=0 path=64087 link_speed=20Gb/s link_width=0x2 active=1 data_ready=1 state=tunnel_enabled negotiated=0 ready_sent=0 remote_ready=0 attempts=0 last_error=0 local_out=9 local_tx=2 local_rx=2 remote_rail=0x0 remote_out=-1 remote_tx=-1 remote_rx=-1
    data_tx_enqueued=0 data_tx_posted=0 data_tx_completed=0 data_tx_credit_stalls=0 data_tx_credit_received=0 tx_credits=0/0
    path_cfg tx_flags=0x2 rx_flags=0x6 e2e=1 wire_flags=0x3 tx_ring=1024 rx_ring=1024 sof_mask=0x2 eof_mask=0xc
    data_rx_completed=0 data_rx_credit_sent=0 data_rx_credit_send_error=0 data_rx_repost_failed=0 rx_credit_pending=0
hca_id:	usb4_rdma4
	transport:			InfiniBand (0)
	node_guid:			0300:5442:5752:4253
	sys_image_guid:			0300:5442:5752:4253
	vendor_id:			0x1d6b
	vendor_part_id:			21570
	hw_ver:				0x1
	phys_port_cnt:			1
	max_mr_size:			0xffffffffffffffff
	page_size_cap:			0x40201000
	max_qp:				1
	max_qp_wr:			1024
	device_cap_flags:		0x00000020
					CHANGE_PHY_PORT
	max_sge:			4
	max_sge_rd:			4
	max_cq:				256
	max_cqe:			4096
	max_mr:				1024
	max_pd:				256
	max_qp_rd_atom:			0
	max_ee_rd_atom:			0
	max_res_rd_atom:		0
	max_qp_init_rd_atom:		0
	max_ee_init_rd_atom:		0
	atomic_cap:			ATOMIC_NONE (0)
	max_ee:				0
	max_rdd:			0
	max_mw:				0
	max_raw_ipv6_qp:		0
	max_raw_ethy_qp:		0
	max_mcast_grp:			0
	max_mcast_qp_attach:		0
	max_total_mcast_qp_attach:	0
	max_ah:				0
	max_fmr:			0
	max_srq:			0
	max_pkeys:			1
	local_ca_ack_delay:		15
	general_odp_caps:
	rc_odp_caps:
					NO SUPPORT
	uc_odp_caps:
					NO SUPPORT
	ud_odp_caps:
					NO SUPPORT
	xrc_odp_caps:
					NO SUPPORT
	completion_timestamp_mask not supported
	core clock not supported
	device_cap_flags_ex:		0x20
	tso_caps:
		max_tso:			0
	rss_caps:
		max_rwq_indirection_tables:			0
		max_rwq_indirection_table_size:			0
		rx_hash_function:				0x0
		rx_hash_fields_mask:				0x0
	max_wq_type_rq:			0
	packet_pacing_caps:
		qp_rate_limit_min:	0kbps
		qp_rate_limit_max:	0kbps
	tag matching not supported
	num_comp_vectors:		16
		port:	1
			state:			PORT_ACTIVE (4)
			max_mtu:		4096 (5)
			active_mtu:		4096 (5)
			sm_lid:			0
			port_lid:		0
			port_lmc:		0x00
			link_layer:		Ethernet
			max_msg_sz:		0x1000000
			port_cap_flags:		0x00000000
			port_cap_flags2:	0x0000
			max_vl_num:		1 (1)
			bad_pkey_cntr:		0x0
			qkey_viol_cntr:		0x0
			sm_sl:			0
			pkey_tbl_len:		1
			gid_tbl_len:		8
			subnet_timeout:		0
			init_type_reply:	0
			active_width:		4X (2)
			active_speed:		10.0 Gbps (8)
			phys_state:		LINK_UP (5)
			GID[  0]:		fe80::5835:18ff:fedb:8d52, RoCE v2
			GID[  1]:		::ffff:10.0.3.44, RoCE v2

Using Linux HCA usb4_rdma4 and macOS HCA rdma_en3
en3: flags=8863<UP,BROADCAST,SMART,RUNNING,SIMPLEX,MULTICAST> mtu 9000
	options=460<TSO4,TSO6,CHANNEL_IO>
	ether 36:26:af:6d:62:08
	inet 10.0.3.3 netmask 0xffffff00 broadcast 10.0.3.255
	media: autoselect <full-duplex>
	status: active
			state:			PORT_ACTIVE (4)
			GID[  0]:		fe80::3426:afff:fe6d:6208
			GID[  1]:		::ffff:10.0.3.3
== mac0-linux1 barrier ==
-- mac output (rank 0) --
rank 0 entering barrier
rank 0 exited barrier
rank 0: post-barrier all_sum OK (3)
-- linux output (rank 1) --
[jaccl] Connection attempt 0 waiting 1000 ms
rank 1 entering barrier
rank 1 exited barrier
rank 1: post-barrier all_sum OK (3)
== mac0-linux1 allreduce ==
-- mac output (rank 0) --
# JACCL All-Reduce Benchmark
# Ranks:   2
# Dtype:   float32
# Warmup:  3 iters
# Timed:   20 iters
# Sizes:   4 MB .. 4 MB (x2)
# Barrier between sizes: yes
#
#    size            count        type     time (us)       algo BW        bus BW     check
#   (bytes)        (elems)                                  (GB/s)        (GB/s)          
4194304            1048576     float32       21991.3          0.19          0.19        OK
# Done.
-- linux output (rank 1) --
[jaccl] Connection attempt 0 waiting 1000 ms
== linux0-mac1 barrier ==
-- mac output (rank 1) --
rank 1 entering barrier
rank 1 exited barrier
rank 1: post-barrier all_sum OK (3)
-- linux output (rank 0) --
rank 0 entering barrier
rank 0 exited barrier
rank 0: post-barrier all_sum OK (3)
== linux0-mac1 allreduce ==
-- mac output (rank 1) --
-- linux output (rank 0) --
# JACCL All-Reduce Benchmark
# Ranks:   2
# Dtype:   float32
# Warmup:  3 iters
# Timed:   20 iters
# Sizes:   4 MB .. 4 MB (x2)
# Barrier between sizes: yes
#
#    size            count        type     time (us)       algo BW        bus BW     check
#   (bytes)        (elems)                                  (GB/s)        (GB/s)          
4194304            1048576     float32       18099.9          0.23          0.23        OK
# Done.
tbnet_identity_arp_requests: 1
tbnet_identity_arp_replies: 1
tbnet_identity_arp_ignored: 0
tbnet_identity_arp_errors: 0
data_wr_send: 196
data_tx_completed: 49156
data_rx_completed: 49156
data_rx_bad_frame: 0
data_rx_bad_header: 0
data_rx_send: 196
data_rx_no_qp: 0
data_rx_no_recv: 0
data_rx_copy_error: 0
data_rx_reorder_buffered: 47
data_rx_reorder_delivered: 47
data_rx_reorder_dropped: 0
data_rx_pending_discarded: 0
apple_rx_sof: 49156
apple_rx_eof3: 196
apple_rx_eof_other: 48960
apple_rx_sof_while_active: 48960
apple_rx_no_sof_when_idle: 0
apple_rx_eof_without_active: 0
apple_rx_len_overrun: 0
data_cq_overflow: 0
PASS: Apple/macOS JACCL clean-driver gate completed
### buffer_size=auto done
### buffer_size=262144
copying 0 paths...
copying 0 paths...
== linux module load cycle 1/1 ==
peer 1 backend=apple rails=1
  rail=0x0 route=0x2 local=0 remote=0 path=64087 link_speed=20Gb/s link_width=0x2 active=1 data_ready=1 state=tunnel_enabled negotiated=0 ready_sent=0 remote_ready=0 attempts=0 last_error=0 local_out=9 local_tx=2 local_rx=2 remote_rail=0x0 remote_out=-1 remote_tx=-1 remote_rx=-1
    data_tx_enqueued=0 data_tx_posted=0 data_tx_completed=0 data_tx_credit_stalls=0 data_tx_credit_received=0 tx_credits=0/0
    path_cfg tx_flags=0x2 rx_flags=0x6 e2e=1 wire_flags=0x3 tx_ring=1024 rx_ring=1024 sof_mask=0x2 eof_mask=0xc
    data_rx_completed=0 data_rx_credit_sent=0 data_rx_credit_send_error=0 data_rx_repost_failed=0 rx_credit_pending=0
hca_id:	usb4_rdma4
	transport:			InfiniBand (0)
	node_guid:			0300:5442:5752:4253
	sys_image_guid:			0300:5442:5752:4253
	vendor_id:			0x1d6b
	vendor_part_id:			21570
	hw_ver:				0x1
	phys_port_cnt:			1
	max_mr_size:			0xffffffffffffffff
	page_size_cap:			0x40201000
	max_qp:				1
	max_qp_wr:			1024
	device_cap_flags:		0x00000020
					CHANGE_PHY_PORT
	max_sge:			4
	max_sge_rd:			4
	max_cq:				256
	max_cqe:			4096
	max_mr:				1024
	max_pd:				256
	max_qp_rd_atom:			0
	max_ee_rd_atom:			0
	max_res_rd_atom:		0
	max_qp_init_rd_atom:		0
	max_ee_init_rd_atom:		0
	atomic_cap:			ATOMIC_NONE (0)
	max_ee:				0
	max_rdd:			0
	max_mw:				0
	max_raw_ipv6_qp:		0
	max_raw_ethy_qp:		0
	max_mcast_grp:			0
	max_mcast_qp_attach:		0
	max_total_mcast_qp_attach:	0
	max_ah:				0
	max_fmr:			0
	max_srq:			0
	max_pkeys:			1
	local_ca_ack_delay:		15
	general_odp_caps:
	rc_odp_caps:
					NO SUPPORT
	uc_odp_caps:
					NO SUPPORT
	ud_odp_caps:
					NO SUPPORT
	xrc_odp_caps:
					NO SUPPORT
	completion_timestamp_mask not supported
	core clock not supported
	device_cap_flags_ex:		0x20
	tso_caps:
		max_tso:			0
	rss_caps:
		max_rwq_indirection_tables:			0
		max_rwq_indirection_table_size:			0
		rx_hash_function:				0x0
		rx_hash_fields_mask:				0x0
	max_wq_type_rq:			0
	packet_pacing_caps:
		qp_rate_limit_min:	0kbps
		qp_rate_limit_max:	0kbps
	tag matching not supported
	num_comp_vectors:		16
		port:	1
			state:			PORT_ACTIVE (4)
			max_mtu:		4096 (5)
			active_mtu:		4096 (5)
			sm_lid:			0
			port_lid:		0
			port_lmc:		0x00
			link_layer:		Ethernet
			max_msg_sz:		0x1000000
			port_cap_flags:		0x00000000
			port_cap_flags2:	0x0000
			max_vl_num:		1 (1)
			bad_pkey_cntr:		0x0
			qkey_viol_cntr:		0x0
			sm_sl:			0
			pkey_tbl_len:		1
			gid_tbl_len:		8
			subnet_timeout:		0
			init_type_reply:	0
			active_width:		4X (2)
			active_speed:		10.0 Gbps (8)
			phys_state:		LINK_UP (5)
			GID[  0]:		fe80::5835:18ff:fedb:8d52, RoCE v2
			GID[  1]:		::ffff:10.0.3.44, RoCE v2

Using Linux HCA usb4_rdma4 and macOS HCA rdma_en3
en3: flags=8863<UP,BROADCAST,SMART,RUNNING,SIMPLEX,MULTICAST> mtu 9000
	options=460<TSO4,TSO6,CHANNEL_IO>
	ether 36:26:af:6d:62:08
	inet 10.0.3.3 netmask 0xffffff00 broadcast 10.0.3.255
	media: autoselect <full-duplex>
	status: active
			state:			PORT_ACTIVE (4)
			GID[  0]:		fe80::3426:afff:fe6d:6208
			GID[  1]:		::ffff:10.0.3.3
== mac0-linux1 barrier ==
-- mac output (rank 0) --
rank 0 entering barrier
rank 0 exited barrier
rank 0: post-barrier all_sum OK (3)
-- linux output (rank 1) --
[jaccl] Connection attempt 0 waiting 1000 ms
rank 1 entering barrier
rank 1 exited barrier
rank 1: post-barrier all_sum OK (3)
== mac0-linux1 allreduce ==
-- mac output (rank 0) --
# JACCL All-Reduce Benchmark
# Ranks:   2
# Dtype:   float32
# Warmup:  3 iters
# Timed:   20 iters
# Sizes:   4 MB .. 4 MB (x2)
# Barrier between sizes: yes
#
#    size            count        type     time (us)       algo BW        bus BW     check
#   (bytes)        (elems)                                  (GB/s)        (GB/s)          
4194304            1048576     float32       41097.6          0.10          0.10        OK
# Done.
-- linux output (rank 1) --
[jaccl] Connection attempt 0 waiting 1000 ms
== linux0-mac1 barrier ==
-- mac output (rank 1) --
rank 1 entering barrier
rank 1 exited barrier
rank 1: post-barrier all_sum OK (3)
-- linux output (rank 0) --
rank 0 entering barrier
rank 0 exited barrier
rank 0: post-barrier all_sum OK (3)
== linux0-mac1 allreduce ==
-- mac output (rank 1) --
-- linux output (rank 0) --
# JACCL All-Reduce Benchmark
# Ranks:   2
# Dtype:   float32
# Warmup:  3 iters
# Timed:   20 iters
# Sizes:   4 MB .. 4 MB (x2)
# Barrier between sizes: yes
#
#    size            count        type     time (us)       algo BW        bus BW     check
#   (bytes)        (elems)                                  (GB/s)        (GB/s)          
4194304            1048576     float32       40499.9          0.10          0.10        OK
# Done.
tbnet_identity_arp_requests: 1
tbnet_identity_arp_replies: 1
tbnet_identity_arp_ignored: 0
tbnet_identity_arp_errors: 0
data_wr_send: 772
data_tx_completed: 49408
data_rx_completed: 49408
data_rx_bad_frame: 0
data_rx_bad_header: 0
data_rx_send: 772
data_rx_no_qp: 0
data_rx_no_recv: 0
data_rx_copy_error: 0
data_rx_reorder_buffered: 610
data_rx_reorder_delivered: 610
data_rx_reorder_dropped: 0
data_rx_pending_discarded: 0
apple_rx_sof: 49408
apple_rx_eof3: 772
apple_rx_eof_other: 48636
apple_rx_sof_while_active: 48636
apple_rx_no_sof_when_idle: 0
apple_rx_eof_without_active: 0
apple_rx_len_overrun: 0
data_cq_overflow: 0
PASS: Apple/macOS JACCL clean-driver gate completed
### buffer_size=262144 done
### buffer_size=524288
copying 0 paths...
copying 0 paths...
== linux module load cycle 1/1 ==
peer 1 backend=apple rails=1
  rail=0x0 route=0x2 local=0 remote=0 path=64087 link_speed=20Gb/s link_width=0x2 active=1 data_ready=1 state=tunnel_enabled negotiated=0 ready_sent=0 remote_ready=0 attempts=0 last_error=0 local_out=9 local_tx=2 local_rx=2 remote_rail=0x0 remote_out=-1 remote_tx=-1 remote_rx=-1
    data_tx_enqueued=0 data_tx_posted=0 data_tx_completed=0 data_tx_credit_stalls=0 data_tx_credit_received=0 tx_credits=0/0
    path_cfg tx_flags=0x2 rx_flags=0x6 e2e=1 wire_flags=0x3 tx_ring=1024 rx_ring=1024 sof_mask=0x2 eof_mask=0xc
    data_rx_completed=0 data_rx_credit_sent=0 data_rx_credit_send_error=0 data_rx_repost_failed=0 rx_credit_pending=0
hca_id:	usb4_rdma4
	transport:			InfiniBand (0)
	node_guid:			0300:5442:5752:4253
	sys_image_guid:			0300:5442:5752:4253
	vendor_id:			0x1d6b
	vendor_part_id:			21570
	hw_ver:				0x1
	phys_port_cnt:			1
	max_mr_size:			0xffffffffffffffff
	page_size_cap:			0x40201000
	max_qp:				1
	max_qp_wr:			1024
	device_cap_flags:		0x00000020
					CHANGE_PHY_PORT
	max_sge:			4
	max_sge_rd:			4
	max_cq:				256
	max_cqe:			4096
	max_mr:				1024
	max_pd:				256
	max_qp_rd_atom:			0
	max_ee_rd_atom:			0
	max_res_rd_atom:		0
	max_qp_init_rd_atom:		0
	max_ee_init_rd_atom:		0
	atomic_cap:			ATOMIC_NONE (0)
	max_ee:				0
	max_rdd:			0
	max_mw:				0
	max_raw_ipv6_qp:		0
	max_raw_ethy_qp:		0
	max_mcast_grp:			0
	max_mcast_qp_attach:		0
	max_total_mcast_qp_attach:	0
	max_ah:				0
	max_fmr:			0
	max_srq:			0
	max_pkeys:			1
	local_ca_ack_delay:		15
	general_odp_caps:
	rc_odp_caps:
					NO SUPPORT
	uc_odp_caps:
					NO SUPPORT
	ud_odp_caps:
					NO SUPPORT
	xrc_odp_caps:
					NO SUPPORT
	completion_timestamp_mask not supported
	core clock not supported
	device_cap_flags_ex:		0x20
	tso_caps:
		max_tso:			0
	rss_caps:
		max_rwq_indirection_tables:			0
		max_rwq_indirection_table_size:			0
		rx_hash_function:				0x0
		rx_hash_fields_mask:				0x0
	max_wq_type_rq:			0
	packet_pacing_caps:
		qp_rate_limit_min:	0kbps
		qp_rate_limit_max:	0kbps
	tag matching not supported
	num_comp_vectors:		16
		port:	1
			state:			PORT_ACTIVE (4)
			max_mtu:		4096 (5)
			active_mtu:		4096 (5)
			sm_lid:			0
			port_lid:		0
			port_lmc:		0x00
			link_layer:		Ethernet
			max_msg_sz:		0x1000000
			port_cap_flags:		0x00000000
			port_cap_flags2:	0x0000
			max_vl_num:		1 (1)
			bad_pkey_cntr:		0x0
			qkey_viol_cntr:		0x0
			sm_sl:			0
			pkey_tbl_len:		1
			gid_tbl_len:		8
			subnet_timeout:		0
			init_type_reply:	0
			active_width:		4X (2)
			active_speed:		10.0 Gbps (8)
			phys_state:		LINK_UP (5)
			GID[  0]:		fe80::5835:18ff:fedb:8d52, RoCE v2
			GID[  1]:		::ffff:10.0.3.44, RoCE v2

Using Linux HCA usb4_rdma4 and macOS HCA rdma_en3
en3: flags=8863<UP,BROADCAST,SMART,RUNNING,SIMPLEX,MULTICAST> mtu 9000
	options=460<TSO4,TSO6,CHANNEL_IO>
	ether 36:26:af:6d:62:08
	inet 10.0.3.3 netmask 0xffffff00 broadcast 10.0.3.255
	media: autoselect <full-duplex>
	status: active
			state:			PORT_ACTIVE (4)
			GID[  0]:		fe80::3426:afff:fe6d:6208
			GID[  1]:		::ffff:10.0.3.3
== mac0-linux1 barrier ==
-- mac output (rank 0) --
rank 0 entering barrier
rank 0 exited barrier
rank 0: post-barrier all_sum OK (3)
-- linux output (rank 1) --
[jaccl] Connection attempt 0 waiting 1000 ms
rank 1 entering barrier
rank 1 exited barrier
rank 1: post-barrier all_sum OK (3)
== mac0-linux1 allreduce ==
-- mac output (rank 0) --
# JACCL All-Reduce Benchmark
# Ranks:   2
# Dtype:   float32
# Warmup:  3 iters
# Timed:   20 iters
# Sizes:   4 MB .. 4 MB (x2)
# Barrier between sizes: yes
#
#    size            count        type     time (us)       algo BW        bus BW     check
#   (bytes)        (elems)                                  (GB/s)        (GB/s)          
4194304            1048576     float32       30153.7          0.14          0.14        OK
# Done.
-- linux output (rank 1) --
[jaccl] Connection attempt 0 waiting 1000 ms
== linux0-mac1 barrier ==
-- mac output (rank 1) --
rank 1 entering barrier
rank 1 exited barrier
rank 1: post-barrier all_sum OK (3)
-- linux output (rank 0) --
rank 0 entering barrier
rank 0 exited barrier
rank 0: post-barrier all_sum OK (3)
== linux0-mac1 allreduce ==
-- mac output (rank 1) --
-- linux output (rank 0) --
terminate called after throwing an instance of 'std::runtime_error'
  what():  [jaccl] Recv failed with errno=28
timeout: the monitored command dumped core
Pseudo-terminal will not be allocated because stdin is not a terminal.
-- linux thunderbolt_ibverbs summary --
profile: mac_compat
native_enabled: 0
apple_enabled: 1
rc_supported: 0
uc_supported: 1
native_control: off
native_same_peer_multicable: off
native_legacy_ambiguous_limited: 0
tbnet_identity: stock_proxy
tbnet_identity_state: 0x7
tbnet_identity_tbnet: thunderbolt0
tbnet_identity_gid: ardma0
tbnet_identity_proxy_ipv4: 10.0.3.44
tbnet_identity_minimal_e2e: 0
tbnet_identity_minimal_apple_only: 1
tbnet_identity_minimal_neighbor_seen: 0
tbnet_identity_rx_handler: 1
tbnet_identity_minimal_started: 0
tbnet_identity_minimal_login_rx: 0
tbnet_identity_minimal_login_tx: 0
tbnet_identity_minimal_logout_rx: 0
tbnet_identity_minimal_logout_tx: 0
tbnet_identity_minimal_status_rx: 0
tbnet_identity_minimal_status_tx: 0
tbnet_identity_minimal_packet_rx: 0
tbnet_identity_minimal_packet_tx_posted: 0
tbnet_identity_minimal_packet_tx: 0
tbnet_identity_minimal_packet_tx_errors: 0
tbnet_identity_minimal_path_errors: 0
tbnet_identity_arp_requests: 1
tbnet_identity_arp_replies: 1
tbnet_identity_arp_ignored: 0
tbnet_identity_arp_errors: 0
tbnet_policy: allow
native_service_count: 0
apple_service_registered: 1
services_registered: 1
allocate_rings: 1
start_rings: 1
negotiate_native: 0
enable_tunnels: 1
apple_tunnels_wait_tbnet: 0
apple_tunnels_pending: 0
native_data: 1
apple_data: 1
native_fragment_striping: 0
register_verbs: 1
verbs_registered: 1
verbs_ucontexts: 0
verbs_pds: 0
verbs_cqs: 0
verbs_qps: 0
verbs_mrs: 0
verbs_recv_wqes: 0
data_wr_send: 316
data_wr_op_send: 316
data_wr_op_send_imm: 0
data_wr_op_write: 0
data_wr_op_write_imm: 0
data_wr_op_unsupported: 0
data_wr_live: 0
data_wr_no_path: 0
data_wr_no_recv_credit: 0
data_wr_copied: 316
data_wr_zcopy: 0
data_wr_zcopy_fallback: 0
data_wr_zcopy_fallback_striping: 0
data_wr_zcopy_fallback_unsafe_sge: 0
data_wr_copy_error: 0
data_wr_path_send: 40448
data_wr_path_send_error: 0
data_wr_timeout: 0
apple_sq_queued: 316
apple_sq_dequeued: 316
apple_sq_full: 0
apple_sq_flushed: 0
data_tx_accepted: 316
data_tx_posted: 40448
data_tx_completed: 40448
data_tx_canceled: 0
data_tx_errors: 0
data_tx_credit_stalls: 0
data_tx_credit_received: 0
data_rx_completed: 40448
data_rx_credit_sent: 0
data_rx_credit_send_error: 0
data_rx_repost_failed: 0
data_rx_bad_frame: 0
data_rx_bad_header: 0
data_rx_send: 316
data_rx_op_send: 316
data_rx_op_send_imm: 0
data_rx_op_write: 0
data_rx_op_write_imm: 0
data_rx_ack: 0
data_tx_read_ack_ok: 0
data_tx_read_ack_retry: 0
data_tx_read_ack_error: 0
data_rx_read_ack_ok: 0
data_rx_read_ack_retry: 0
data_rx_read_ack_error: 0
data_read_resp_retransmit: 0
data_read_resp_drop: 0
data_rx_read_resp_duplicate: 0
data_rx_read_resp_gap: 0
data_rx_read_resp_remote_error: 0
data_rx_read_resp_bad_header: 0
data_rx_read_resp_copy_error: 0
data_rx_read_resp_short: 0
data_rx_read_req_no_access: 0
data_rx_read_req_no_mr: 0
data_rx_read_req_mr_access: 0
data_rx_read_req_too_large: 0
data_rx_read_req_bad_iova: 0
data_rx_read_req_alloc_error: 0
data_rx_read_req_resp_busy: 0
data_rx_read_req_resp_error: 0
data_rx_no_qp: 0
data_rx_bad_peer: 0
data_rx_unconnected_qp: 0
data_rx_qp_error: 0
data_rx_no_recv: 0
data_rx_copy_error: 0
data_rx_active_timeout: 0
data_rx_reorder_buffered: 195
data_rx_reorder_delivered: 195
data_rx_reorder_dropped: 0
data_rx_reorder_timeout: 0
data_rx_reorder_window: 0
data_rx_pending_discarded: 0
apple_rx_sof: 40448
apple_rx_eof3: 316
apple_rx_eof_other: 40132
apple_rx_sof_while_active: 40132
apple_rx_no_sof_when_idle: 0
apple_rx_eof_without_active: 0
apple_rx_len_overrun: 0
data_cq_overflow: 0
-- linux thunderbolt_ibverbs peers --
peer 1 backend=apple rails=1
  rail=0x0 route=0x2 local=0 remote=0 path=64087 link_speed=20Gb/s link_width=0x2 active=1 data_ready=1 state=tunnel_enabled negotiated=0 ready_sent=0 remote_ready=0 attempts=0 last_error=0 local_out=9 local_tx=2 local_rx=2 remote_rail=0x0 remote_out=-1 remote_tx=-1 remote_rx=-1
    data_tx_enqueued=40448 data_tx_posted=40448 data_tx_completed=40448 data_tx_credit_stalls=0 data_tx_credit_received=0 tx_credits=0/0
    path_cfg tx_flags=0x2 rx_flags=0x6 e2e=1 wire_flags=0x3 tx_ring=1024 rx_ring=1024 sof_mask=0x2 eof_mask=0xc
    data_rx_completed=40448 data_rx_credit_sent=0 data_rx_credit_send_error=0 data_rx_repost_failed=0 rx_credit_pending=0
-- linux dmesg tail --
[303238.370463] thunderbolt_ibverbs: unloaded
[303238.447179] thunderbolt_ibverbs: armed TBnet ARP proxy on thunderbolt0 for 10.0.3.44 via ardma0
[303238.447193] thunderbolt_ibverbs: TBnet identity uses stock ThunderboltIP with RDMA GID proxying tbnet=thunderbolt0 gid=ardma0
[303238.447198] thunderbolt_ibverbs: backend apple-fa57 rc=0 uc=1 tbnet_identity=1
[303238.447199] thunderbolt_ibverbs: core ready profile=mac_compat rc=0 uc=1
[303238.447224] thunderbolt_ibverbs: peer 1 created backend=apple
[303238.448624] thunderbolt_ibverbs: allocated rings service id=1 native_lane=0 tx_hop=2 rx_hop=2 out_hop=9
[303238.448852] thunderbolt_ibverbs: started rings service id=1 native_lane=0 tx_hop=2 rx_hop=2
[303238.448924] thunderbolt_ibverbs: enabled Apple data path service route=0x2 tx_path=9 rx_path=9 tx_hop=2 rx_hop=2
[303238.448925] thunderbolt_ibverbs: bound apple service id=1 key=\xff\xff\xff\xff\xff\xffAD native_lane=0 route=0x2 link_speed=20Gb/s width=0x2 rail=0x57c2d9aa path_id=64087
[303238.448946] thunderbolt_ibverbs: Thunderbolt service binding enabled
[303238.449240] thunderbolt_ibverbs: registered apple ib_device usb4_rdma4 rail=peer1/0 domain=0 guid=0300544257524253
[303238.449242] thunderbolt_ibverbs: loaded compat=auto profile=mac_compat resolved_profile=mac_compat tbnet=allow tbnet_identity=stock_proxy tbnet_identity_minimal_e2e=0 tbnet_identity_minimal_apple_only=1 lanes=1 native_control=off native_data=1 apple_data=1 native_fragment_striping=0
[307014.225579] br0.lan: port 4(enp1s0f1np1) received tcn bpdu
[307014.225588] br0.lan: topology change detected, propagating
[308792.053151] thunderbolt_ibverbs: unregistered per-rail ib_device peer=1 rail=0
[308792.054172] thunderbolt_ibverbs: peer 1 destroyed backend=apple
[308792.054254] thunderbolt_ibverbs: unloaded
[308792.127009] thunderbolt_ibverbs: armed TBnet ARP proxy on thunderbolt0 for 10.0.3.44 via ardma0
[308792.127022] thunderbolt_ibverbs: TBnet identity uses stock ThunderboltIP with RDMA GID proxying tbnet=thunderbolt0 gid=ardma0
[308792.127028] thunderbolt_ibverbs: backend apple-fa57 rc=0 uc=1 tbnet_identity=1
[308792.127029] thunderbolt_ibverbs: core ready profile=mac_compat rc=0 uc=1
[308792.127054] thunderbolt_ibverbs: peer 1 created backend=apple
[308792.128605] thunderbolt_ibverbs: allocated rings service id=1 native_lane=0 tx_hop=2 rx_hop=2 out_hop=9
[308792.128834] thunderbolt_ibverbs: started rings service id=1 native_lane=0 tx_hop=2 rx_hop=2
[308792.128914] thunderbolt_ibverbs: enabled Apple data path service route=0x2 tx_path=9 rx_path=9 tx_hop=2 rx_hop=2
[308792.128916] thunderbolt_ibverbs: bound apple service id=1 key=\xff\xff\xff\xff\xff\xffAD native_lane=0 route=0x2 link_speed=20Gb/s width=0x2 rail=0x57c2d9aa path_id=64087
[308792.128934] thunderbolt_ibverbs: Thunderbolt service binding enabled
[308792.129233] thunderbolt_ibverbs: registered apple ib_device usb4_rdma4 rail=peer1/0 domain=0 guid=0300544257524253
[308792.129235] thunderbolt_ibverbs: loaded compat=auto profile=mac_compat resolved_profile=mac_compat tbnet=allow tbnet_identity=stock_proxy tbnet_identity_minimal_e2e=0 tbnet_identity_minimal_apple_only=1 lanes=1 native_control=off native_data=1 apple_data=1 native_fragment_striping=0
[309106.075924] thunderbolt_ibverbs: unregistered per-rail ib_device peer=1 rail=0
[309106.077107] thunderbolt_ibverbs: peer 1 destroyed backend=apple
[309106.077175] thunderbolt_ibverbs: unloaded
[309106.153130] thunderbolt_ibverbs: armed TBnet ARP proxy on thunderbolt0 for 10.0.3.44 via ardma0
[309106.153144] thunderbolt_ibverbs: TBnet identity uses stock ThunderboltIP with RDMA GID proxying tbnet=thunderbolt0 gid=ardma0
[309106.153150] thunderbolt_ibverbs: backend apple-fa57 rc=0 uc=1 tbnet_identity=1
[309106.153151] thunderbolt_ibverbs: core ready profile=mac_compat rc=0 uc=1
[309106.153178] thunderbolt_ibverbs: peer 1 created backend=apple
[309106.154686] thunderbolt_ibverbs: allocated rings service id=1 native_lane=0 tx_hop=2 rx_hop=2 out_hop=9
[309106.154945] thunderbolt_ibverbs: started rings service id=1 native_lane=0 tx_hop=2 rx_hop=2
[309106.155035] thunderbolt_ibverbs: enabled Apple data path service route=0x2 tx_path=9 rx_path=9 tx_hop=2 rx_hop=2
[309106.155036] thunderbolt_ibverbs: bound apple service id=1 key=\xff\xff\xff\xff\xff\xffAD native_lane=0 route=0x2 link_speed=20Gb/s width=0x2 rail=0x57c2d9aa path_id=64087
[309106.155059] thunderbolt_ibverbs: Thunderbolt service binding enabled
[309106.155408] thunderbolt_ibverbs: registered apple ib_device usb4_rdma4 rail=peer1/0 domain=0 guid=0300544257524253
[309106.155411] thunderbolt_ibverbs: loaded compat=auto profile=mac_compat resolved_profile=mac_compat tbnet=allow tbnet_identity=stock_proxy tbnet_identity_minimal_e2e=0 tbnet_identity_minimal_apple_only=1 lanes=1 native_control=off native_data=1 apple_data=1 native_fragment_striping=0
[309421.138493] thunderbolt_ibverbs: unregistered per-rail ib_device peer=1 rail=0
[309421.139472] thunderbolt_ibverbs: peer 1 destroyed backend=apple
[309421.139540] thunderbolt_ibverbs: unloaded
[309421.209503] thunderbolt_ibverbs: armed TBnet ARP proxy on thunderbolt0 for 10.0.3.44 via ardma0
[309421.209514] thunderbolt_ibverbs: TBnet identity uses stock ThunderboltIP with RDMA GID proxying tbnet=thunderbolt0 gid=ardma0
[309421.209518] thunderbolt_ibverbs: backend apple-fa57 rc=0 uc=1 tbnet_identity=1
[309421.209519] thunderbolt_ibverbs: core ready profile=mac_compat rc=0 uc=1
[309421.209540] thunderbolt_ibverbs: peer 1 created backend=apple
[309421.210846] thunderbolt_ibverbs: allocated rings service id=1 native_lane=0 tx_hop=2 rx_hop=2 out_hop=9
[309421.211060] thunderbolt_ibverbs: started rings service id=1 native_lane=0 tx_hop=2 rx_hop=2
[309421.211144] thunderbolt_ibverbs: enabled Apple data path service route=0x2 tx_path=9 rx_path=9 tx_hop=2 rx_hop=2
[309421.211146] thunderbolt_ibverbs: bound apple service id=1 key=\xff\xff\xff\xff\xff\xffAD native_lane=0 route=0x2 link_speed=20Gb/s width=0x2 rail=0x57c2d9aa path_id=64087
[309421.211164] thunderbolt_ibverbs: Thunderbolt service binding enabled
[309421.211468] thunderbolt_ibverbs: registered apple ib_device usb4_rdma4 rail=peer1/0 domain=0 guid=0300544257524253
[309421.211470] thunderbolt_ibverbs: loaded compat=auto profile=mac_compat resolved_profile=mac_compat tbnet=allow tbnet_identity=stock_proxy tbnet_identity_minimal_e2e=0 tbnet_identity_minimal_apple_only=1 lanes=1 native_control=off native_data=1 apple_data=1 native_fragment_striping=0
[309518.651933] thunderbolt_ibverbs: unregistered per-rail ib_device peer=1 rail=0
[309518.652895] thunderbolt_ibverbs: peer 1 destroyed backend=apple
[309518.652968] thunderbolt_ibverbs: unloaded
[309518.733101] thunderbolt_ibverbs: armed TBnet ARP proxy on thunderbolt0 for 10.0.3.44 via ardma0
[309518.733115] thunderbolt_ibverbs: TBnet identity uses stock ThunderboltIP with RDMA GID proxying tbnet=thunderbolt0 gid=ardma0
[309518.733121] thunderbolt_ibverbs: backend apple-fa57 rc=0 uc=1 tbnet_identity=1
[309518.733122] thunderbolt_ibverbs: core ready profile=mac_compat rc=0 uc=1
[309518.733147] thunderbolt_ibverbs: peer 1 created backend=apple
[309518.734597] thunderbolt_ibverbs: allocated rings service id=1 native_lane=0 tx_hop=2 rx_hop=2 out_hop=9
[309518.734823] thunderbolt_ibverbs: started rings service id=1 native_lane=0 tx_hop=2 rx_hop=2
[309518.734907] thunderbolt_ibverbs: enabled Apple data path service route=0x2 tx_path=9 rx_path=9 tx_hop=2 rx_hop=2
[309518.734909] thunderbolt_ibverbs: bound apple service id=1 key=\xff\xff\xff\xff\xff\xffAD native_lane=0 route=0x2 link_speed=20Gb/s width=0x2 rail=0x57c2d9aa path_id=64087
[309518.734927] thunderbolt_ibverbs: Thunderbolt service binding enabled
[309518.735231] thunderbolt_ibverbs: registered apple ib_device usb4_rdma4 rail=peer1/0 domain=0 guid=0300544257524253
[309518.735233] thunderbolt_ibverbs: loaded compat=auto profile=mac_compat resolved_profile=mac_compat tbnet=allow tbnet_identity=stock_proxy tbnet_identity_minimal_e2e=0 tbnet_identity_minimal_apple_only=1 lanes=1 native_control=off native_data=1 apple_data=1 native_fragment_striping=0
[309576.018504] thunderbolt_ibverbs: unregistered per-rail ib_device peer=1 rail=0
[309576.019433] thunderbolt_ibverbs: peer 1 destroyed backend=apple
[309576.019501] thunderbolt_ibverbs: unloaded
[309576.104252] thunderbolt_ibverbs: armed TBnet ARP proxy on thunderbolt0 for 10.0.3.44 via ardma0
[309576.104266] thunderbolt_ibverbs: TBnet identity uses stock ThunderboltIP with RDMA GID proxying tbnet=thunderbolt0 gid=ardma0
[309576.104273] thunderbolt_ibverbs: backend apple-fa57 rc=0 uc=1 tbnet_identity=1
[309576.104274] thunderbolt_ibverbs: core ready profile=mac_compat rc=0 uc=1
[309576.104299] thunderbolt_ibverbs: peer 1 created backend=apple
[309576.105837] thunderbolt_ibverbs: allocated rings service id=1 native_lane=0 tx_hop=2 rx_hop=2 out_hop=9
[309576.106161] thunderbolt_ibverbs: started rings service id=1 native_lane=0 tx_hop=2 rx_hop=2
[309576.106251] thunderbolt_ibverbs: enabled Apple data path service route=0x2 tx_path=9 rx_path=9 tx_hop=2 rx_hop=2
[309576.106253] thunderbolt_ibverbs: bound apple service id=1 key=\xff\xff\xff\xff\xff\xffAD native_lane=0 route=0x2 link_speed=20Gb/s width=0x2 rail=0x57c2d9aa path_id=64087
[309576.106275] thunderbolt_ibverbs: Thunderbolt service binding enabled
[309576.106635] thunderbolt_ibverbs: registered apple ib_device usb4_rdma4 rail=peer1/0 domain=0 guid=0300544257524253
[309576.106637] thunderbolt_ibverbs: loaded compat=auto profile=mac_compat resolved_profile=mac_compat tbnet=allow tbnet_identity=stock_proxy tbnet_identity_minimal_e2e=0 tbnet_identity_minimal_apple_only=1 lanes=1 native_control=off native_data=1 apple_data=1 native_fragment_striping=0
[309590.398240] thunderbolt_ibverbs: unregistered per-rail ib_device peer=1 rail=0
[309590.399220] thunderbolt_ibverbs: peer 1 destroyed backend=apple
[309590.399297] thunderbolt_ibverbs: unloaded
[309590.473984] thunderbolt_ibverbs: armed TBnet ARP proxy on thunderbolt0 for 10.0.3.44 via ardma0
[309590.473995] thunderbolt_ibverbs: TBnet identity uses stock ThunderboltIP with RDMA GID proxying tbnet=thunderbolt0 gid=ardma0
[309590.474000] thunderbolt_ibverbs: backend apple-fa57 rc=0 uc=1 tbnet_identity=1
[309590.474000] thunderbolt_ibverbs: core ready profile=mac_compat rc=0 uc=1
[309590.474028] thunderbolt_ibverbs: peer 1 created backend=apple
[309590.475333] thunderbolt_ibverbs: allocated rings service id=1 native_lane=0 tx_hop=2 rx_hop=2 out_hop=9
[309590.475553] thunderbolt_ibverbs: started rings service id=1 native_lane=0 tx_hop=2 rx_hop=2
[309590.475622] thunderbolt_ibverbs: enabled Apple data path service route=0x2 tx_path=9 rx_path=9 tx_hop=2 rx_hop=2
[309590.475623] thunderbolt_ibverbs: bound apple service id=1 key=\xff\xff\xff\xff\xff\xffAD native_lane=0 route=0x2 link_speed=20Gb/s width=0x2 rail=0x57c2d9aa path_id=64087
[309590.475642] thunderbolt_ibverbs: Thunderbolt service binding enabled
[309590.475932] thunderbolt_ibverbs: registered apple ib_device usb4_rdma4 rail=peer1/0 domain=0 guid=0300544257524253
[309590.475934] thunderbolt_ibverbs: loaded compat=auto profile=mac_compat resolved_profile=mac_compat tbnet=allow tbnet_identity=stock_proxy tbnet_identity_minimal_e2e=0 tbnet_identity_minimal_apple_only=1 lanes=1 native_control=off native_data=1 apple_data=1 native_fragment_striping=0
[309605.306330] thunderbolt_ibverbs: unregistered per-rail ib_device peer=1 rail=0
[309605.307226] thunderbolt_ibverbs: peer 1 destroyed backend=apple
[309605.307300] thunderbolt_ibverbs: unloaded
[309605.383598] thunderbolt_ibverbs: armed TBnet ARP proxy on thunderbolt0 for 10.0.3.44 via ardma0
[309605.383611] thunderbolt_ibverbs: TBnet identity uses stock ThunderboltIP with RDMA GID proxying tbnet=thunderbolt0 gid=ardma0
[309605.383617] thunderbolt_ibverbs: backend apple-fa57 rc=0 uc=1 tbnet_identity=1
[309605.383618] thunderbolt_ibverbs: core ready profile=mac_compat rc=0 uc=1
[309605.383641] thunderbolt_ibverbs: peer 1 created backend=apple
[309605.385076] thunderbolt_ibverbs: allocated rings service id=1 native_lane=0 tx_hop=2 rx_hop=2 out_hop=9
[309605.385312] thunderbolt_ibverbs: started rings service id=1 native_lane=0 tx_hop=2 rx_hop=2
[309605.385396] thunderbolt_ibverbs: enabled Apple data path service route=0x2 tx_path=9 rx_path=9 tx_hop=2 rx_hop=2
[309605.385397] thunderbolt_ibverbs: bound apple service id=1 key=\xff\xff\xff\xff\xff\xffAD native_lane=0 route=0x2 link_speed=20Gb/s width=0x2 rail=0x57c2d9aa path_id=64087
[309605.385416] thunderbolt_ibverbs: Thunderbolt service binding enabled
[309605.385712] thunderbolt_ibverbs: registered apple ib_device usb4_rdma4 rail=peer1/0 domain=0 guid=0300544257524253
[309605.385714] thunderbolt_ibverbs: loaded compat=auto profile=mac_compat resolved_profile=mac_compat tbnet=allow tbnet_identity=stock_proxy tbnet_identity_minimal_e2e=0 tbnet_identity_minimal_apple_only=1 lanes=1 native_control=off native_data=1 apple_data=1 native_fragment_striping=0
linux0-mac1 allreduce failed: mac_rc=255 linux_rc=255
### buffer_size=524288 failed
### buffer_size=524288 done
### buffer_size=1048576
### buffer_size=1048576 failed
### buffer_size=1048576 done
### buffer_size=2097152
copying 0 paths...
copying 0 paths...
copying 0 paths...
== linux module load cycle 1/1 ==
