### delay0 durability cycle 1
copying 0 paths...
copying 0 paths...
== linux module load cycle 1/1 ==
peer 1 backend=apple rails=1
  rail=0x0 route=0x2 local=0 remote=0 path=64087 link_speed=20Gb/s link_width=0x2 active=1 data_ready=1 state=tunnel_enabled negotiated=0 ready_sent=0 remote_ready=0 attempts=0 last_error=0 local_out=9 local_tx=2 local_rx=2 remote_rail=0x0 remote_out=-1 remote_tx=-1 remote_rx=-1
    data_tx_enqueued=0 data_tx_posted=0 data_tx_completed=0 data_tx_credit_stalls=0 data_tx_credit_received=0 tx_credits=0/0
    path_cfg tx_flags=0x2 rx_flags=0x6 e2e=1 wire_flags=0x3 tx_ring=1024 rx_ring=1024 sof_mask=0x2 eof_mask=0xc
    data_rx_completed=0 data_rx_credit_sent=0 data_rx_credit_send_error=0 data_rx_repost_failed=0 rx_credit_pending=0
hca_id:	usb4_rdma4
	transport:			InfiniBand (0)
	node_guid:			0300:5442:5752:4253
	sys_image_guid:			0300:5442:5752:4253
	vendor_id:			0x1d6b
	vendor_part_id:			21570
	hw_ver:				0x1
	phys_port_cnt:			1
	max_mr_size:			0xffffffffffffffff
	page_size_cap:			0x40201000
	max_qp:				1
	max_qp_wr:			1024
	device_cap_flags:		0x00000020
					CHANGE_PHY_PORT
	max_sge:			4
	max_sge_rd:			4
	max_cq:				256
	max_cqe:			4096
	max_mr:				1024
	max_pd:				256
	max_qp_rd_atom:			0
	max_ee_rd_atom:			0
	max_res_rd_atom:		0
	max_qp_init_rd_atom:		0
	max_ee_init_rd_atom:		0
	atomic_cap:			ATOMIC_NONE (0)
	max_ee:				0
	max_rdd:			0
	max_mw:				0
	max_raw_ipv6_qp:		0
	max_raw_ethy_qp:		0
	max_mcast_grp:			0
	max_mcast_qp_attach:		0
	max_total_mcast_qp_attach:	0
	max_ah:				0
	max_fmr:			0
	max_srq:			0
	max_pkeys:			1
	local_ca_ack_delay:		15
	general_odp_caps:
	rc_odp_caps:
					NO SUPPORT
	uc_odp_caps:
					NO SUPPORT
	ud_odp_caps:
					NO SUPPORT
	xrc_odp_caps:
					NO SUPPORT
	completion_timestamp_mask not supported
	core clock not supported
	device_cap_flags_ex:		0x20
	tso_caps:
		max_tso:			0
	rss_caps:
		max_rwq_indirection_tables:			0
		max_rwq_indirection_table_size:			0
		rx_hash_function:				0x0
		rx_hash_fields_mask:				0x0
	max_wq_type_rq:			0
	packet_pacing_caps:
		qp_rate_limit_min:	0kbps
		qp_rate_limit_max:	0kbps
	tag matching not supported
	num_comp_vectors:		16
		port:	1
			state:			PORT_ACTIVE (4)
			max_mtu:		4096 (5)
			active_mtu:		4096 (5)
			sm_lid:			0
			port_lid:		0
			port_lmc:		0x00
			link_layer:		Ethernet
			max_msg_sz:		0x1000000
			port_cap_flags:		0x00000000
			port_cap_flags2:	0x0000
			max_vl_num:		1 (1)
			bad_pkey_cntr:		0x0
			qkey_viol_cntr:		0x0
			sm_sl:			0
			pkey_tbl_len:		1
			gid_tbl_len:		8
			subnet_timeout:		0
			init_type_reply:	0
			active_width:		4X (2)
			active_speed:		10.0 Gbps (8)
			phys_state:		LINK_UP (5)
			GID[  0]:		fe80::5835:18ff:fedb:8d52, RoCE v2
			GID[  1]:		::ffff:10.0.3.44, RoCE v2

Using Linux HCA usb4_rdma4 and macOS HCA rdma_en3
en3: flags=8863<UP,BROADCAST,SMART,RUNNING,SIMPLEX,MULTICAST> mtu 9000
	options=460<TSO4,TSO6,CHANNEL_IO>
	ether 36:26:af:6d:62:08
	inet 10.0.3.3 netmask 0xffffff00 broadcast 10.0.3.255
	media: autoselect <full-duplex>
	status: active
			state:			PORT_ACTIVE (4)
			GID[  0]:		fe80::3426:afff:fe6d:6208
			GID[  1]:		::ffff:10.0.3.3
== mac0-linux1 barrier ==
-- mac output (rank 0) --
rank 0 entering barrier
rank 0 exited barrier
rank 0: post-barrier all_sum OK (3)
-- linux output (rank 1) --
[jaccl] Connection attempt 0 waiting 1000 ms
rank 1 entering barrier
rank 1 exited barrier
rank 1: post-barrier all_sum OK (3)
== mac0-linux1 allreduce ==
-- mac output (rank 0) --
# JACCL All-Reduce Benchmark
# Ranks:   2
# Dtype:   float32
# Warmup:  3 iters
# Timed:   100 iters
# Sizes:   4 MB .. 4 MB (x2)
# Barrier between sizes: yes
#
#    size            count        type     time (us)       algo BW        bus BW     check
#   (bytes)        (elems)                                  (GB/s)        (GB/s)          
4194304            1048576     float32       13987.6          0.30          0.30        OK
# Done.
-- linux output (rank 1) --
[jaccl] Connection attempt 0 waiting 1000 ms
== linux0-mac1 barrier ==
-- mac output (rank 1) --
rank 1 entering barrier
rank 1 exited barrier
rank 1: post-barrier all_sum OK (3)
-- linux output (rank 0) --
rank 0 entering barrier
rank 0 exited barrier
rank 0: post-barrier all_sum OK (3)
== linux0-mac1 allreduce ==
-- mac output (rank 1) --
-- linux output (rank 0) --
Pseudo-terminal will not be allocated because stdin is not a terminal.
-- linux thunderbolt_ibverbs summary --
profile: mac_compat
native_enabled: 0
apple_enabled: 1
rc_supported: 0
uc_supported: 1
native_control: off
native_same_peer_multicable: off
native_legacy_ambiguous_limited: 0
tbnet_identity: stock_proxy
tbnet_identity_state: 0x7
tbnet_identity_tbnet: thunderbolt0
tbnet_identity_gid: ardma0
tbnet_identity_proxy_ipv4: 10.0.3.44
tbnet_identity_minimal_e2e: 0
tbnet_identity_minimal_apple_only: 1
tbnet_identity_minimal_neighbor_seen: 0
tbnet_identity_rx_handler: 1
tbnet_identity_minimal_started: 0
tbnet_identity_minimal_login_rx: 0
tbnet_identity_minimal_login_tx: 0
tbnet_identity_minimal_logout_rx: 0
tbnet_identity_minimal_logout_tx: 0
tbnet_identity_minimal_status_rx: 0
tbnet_identity_minimal_status_tx: 0
tbnet_identity_minimal_packet_rx: 0
tbnet_identity_minimal_packet_tx_posted: 0
tbnet_identity_minimal_packet_tx: 0
tbnet_identity_minimal_packet_tx_errors: 0
tbnet_identity_minimal_path_errors: 0
tbnet_identity_arp_requests: 1
tbnet_identity_arp_replies: 1
tbnet_identity_arp_ignored: 1
tbnet_identity_arp_errors: 0
tbnet_policy: allow
native_service_count: 0
apple_service_registered: 1
services_registered: 1
allocate_rings: 1
start_rings: 1
negotiate_native: 0
enable_tunnels: 1
apple_tunnels_wait_tbnet: 0
apple_tunnels_pending: 0
native_data: 1
apple_data: 1
native_fragment_striping: 0
register_verbs: 1
verbs_registered: 1
verbs_ucontexts: 0
verbs_pds: 0
verbs_cqs: 0
verbs_qps: 0
verbs_mrs: 0
verbs_recv_wqes: 0
data_wr_send: 520
data_wr_op_send: 520
data_wr_op_send_imm: 0
data_wr_op_write: 0
data_wr_op_write_imm: 0
data_wr_op_unsupported: 0
data_wr_live: 0
data_wr_no_path: 0
data_wr_no_recv_credit: 0
data_wr_copied: 520
data_wr_zcopy: 0
data_wr_zcopy_fallback: 0
data_wr_zcopy_fallback_striping: 0
data_wr_zcopy_fallback_unsafe_sge: 0
data_wr_copy_error: 0
data_wr_path_send: 132100
data_wr_path_send_error: 0
data_wr_timeout: 0
apple_sq_queued: 520
apple_sq_dequeued: 520
apple_sq_full: 0
apple_sq_flushed: 0
data_tx_accepted: 520
data_tx_posted: 132100
data_tx_completed: 132100
data_tx_canceled: 0
data_tx_errors: 0
data_tx_credit_stalls: 0
data_tx_credit_received: 0
data_rx_completed: 132100
data_rx_credit_sent: 0
data_rx_credit_send_error: 0
data_rx_repost_failed: 0
data_rx_bad_frame: 0
data_rx_bad_header: 0
data_rx_send: 520
data_rx_op_send: 520
data_rx_op_send_imm: 0
data_rx_op_write: 0
data_rx_op_write_imm: 0
data_rx_ack: 0
data_tx_read_ack_ok: 0
data_tx_read_ack_retry: 0
data_tx_read_ack_error: 0
data_rx_read_ack_ok: 0
data_rx_read_ack_retry: 0
data_rx_read_ack_error: 0
data_read_resp_retransmit: 0
data_read_resp_drop: 0
data_rx_read_resp_duplicate: 0
data_rx_read_resp_gap: 0
data_rx_read_resp_remote_error: 0
data_rx_read_resp_bad_header: 0
data_rx_read_resp_copy_error: 0
data_rx_read_resp_short: 0
data_rx_read_req_no_access: 0
data_rx_read_req_no_mr: 0
data_rx_read_req_mr_access: 0
data_rx_read_req_too_large: 0
data_rx_read_req_bad_iova: 0
data_rx_read_req_alloc_error: 0
data_rx_read_req_resp_busy: 0
data_rx_read_req_resp_error: 0
data_rx_no_qp: 0
data_rx_bad_peer: 0
data_rx_unconnected_qp: 0
data_rx_qp_error: 0
data_rx_no_recv: 0
data_rx_copy_error: 0
data_rx_active_timeout: 0
data_rx_reorder_buffered: 206
data_rx_reorder_delivered: 206
data_rx_reorder_dropped: 0
data_rx_reorder_timeout: 0
data_rx_reorder_window: 0
data_rx_pending_discarded: 0
apple_rx_sof: 132100
apple_rx_eof3: 520
apple_rx_eof_other: 131580
apple_rx_sof_while_active: 131580
apple_rx_no_sof_when_idle: 0
apple_rx_eof_without_active: 0
apple_rx_len_overrun: 0
data_cq_overflow: 0
-- linux thunderbolt_ibverbs peers --
peer 1 backend=apple rails=1
  rail=0x0 route=0x2 local=0 remote=0 path=64087 link_speed=20Gb/s link_width=0x2 active=1 data_ready=1 state=tunnel_enabled negotiated=0 ready_sent=0 remote_ready=0 attempts=0 last_error=0 local_out=9 local_tx=2 local_rx=2 remote_rail=0x0 remote_out=-1 remote_tx=-1 remote_rx=-1
    data_tx_enqueued=132100 data_tx_posted=132100 data_tx_completed=132100 data_tx_credit_stalls=0 data_tx_credit_received=0 tx_credits=0/0
    path_cfg tx_flags=0x2 rx_flags=0x6 e2e=1 wire_flags=0x3 tx_ring=1024 rx_ring=1024 sof_mask=0x2 eof_mask=0xc
    data_rx_completed=132100 data_rx_credit_sent=0 data_rx_credit_send_error=0 data_rx_repost_failed=0 rx_credit_pending=0
-- linux dmesg tail --
[302533.505063] thunderbolt_ibverbs: unloaded
[302533.592358] thunderbolt_ibverbs: armed TBnet ARP proxy on thunderbolt0 for 10.0.3.44 via ardma0
[302533.592370] thunderbolt_ibverbs: TBnet identity uses stock ThunderboltIP with RDMA GID proxying tbnet=thunderbolt0 gid=ardma0
[302533.592375] thunderbolt_ibverbs: backend apple-fa57 rc=0 uc=1 tbnet_identity=1
[302533.592376] thunderbolt_ibverbs: core ready profile=mac_compat rc=0 uc=1
[302533.592398] thunderbolt_ibverbs: peer 1 created backend=apple
[302533.593971] thunderbolt_ibverbs: allocated rings service id=1 native_lane=0 tx_hop=2 rx_hop=2 out_hop=9
[302533.594209] thunderbolt_ibverbs: started rings service id=1 native_lane=0 tx_hop=2 rx_hop=2
[302533.594281] thunderbolt_ibverbs: enabled Apple data path service route=0x2 tx_path=9 rx_path=9 tx_hop=2 rx_hop=2
[302533.594283] thunderbolt_ibverbs: bound apple service id=1 key=\xff\xff\xff\xff\xff\xffAD native_lane=0 route=0x2 link_speed=20Gb/s width=0x2 rail=0x57c2d9aa path_id=64087
[302533.594302] thunderbolt_ibverbs: Thunderbolt service binding enabled
[302533.594600] thunderbolt_ibverbs: registered apple ib_device usb4_rdma4 rail=peer1/0 domain=0 guid=0300544257524253
[302533.594602] thunderbolt_ibverbs: loaded compat=auto profile=mac_compat resolved_profile=mac_compat tbnet=allow tbnet_identity=stock_proxy tbnet_identity_minimal_e2e=0 tbnet_identity_minimal_apple_only=1 lanes=1 native_control=off native_data=1 apple_data=1 native_fragment_striping=0
[302580.240369] thunderbolt_ibverbs: unregistered per-rail ib_device peer=1 rail=0
[302580.241496] thunderbolt_ibverbs: peer 1 destroyed backend=apple
[302580.241552] thunderbolt_ibverbs: unloaded
[302580.327866] thunderbolt_ibverbs: armed TBnet ARP proxy on thunderbolt0 for 10.0.3.44 via ardma0
[302580.327883] thunderbolt_ibverbs: TBnet identity uses stock ThunderboltIP with RDMA GID proxying tbnet=thunderbolt0 gid=ardma0
[302580.327891] thunderbolt_ibverbs: backend apple-fa57 rc=0 uc=1 tbnet_identity=1
[302580.327893] thunderbolt_ibverbs: core ready profile=mac_compat rc=0 uc=1
[302580.327921] thunderbolt_ibverbs: peer 1 created backend=apple
[302580.329407] thunderbolt_ibverbs: allocated rings service id=1 native_lane=0 tx_hop=2 rx_hop=2 out_hop=9
[302580.329707] thunderbolt_ibverbs: started rings service id=1 native_lane=0 tx_hop=2 rx_hop=2
[302580.329790] thunderbolt_ibverbs: enabled Apple data path service route=0x2 tx_path=9 rx_path=9 tx_hop=2 rx_hop=2
[302580.329791] thunderbolt_ibverbs: bound apple service id=1 key=\xff\xff\xff\xff\xff\xffAD native_lane=0 route=0x2 link_speed=20Gb/s width=0x2 rail=0x57c2d9aa path_id=64087
[302580.329811] thunderbolt_ibverbs: Thunderbolt service binding enabled
[302580.330145] thunderbolt_ibverbs: registered apple ib_device usb4_rdma4 rail=peer1/0 domain=0 guid=0300544257524253
[302580.330148] thunderbolt_ibverbs: loaded compat=auto profile=mac_compat resolved_profile=mac_compat tbnet=allow tbnet_identity=stock_proxy tbnet_identity_minimal_e2e=0 tbnet_identity_minimal_apple_only=1 lanes=1 native_control=off native_data=1 apple_data=1 native_fragment_striping=0
[302651.343497] thunderbolt_ibverbs: unregistered per-rail ib_device peer=1 rail=0
[302651.344625] thunderbolt_ibverbs: peer 1 destroyed backend=apple
[302651.344690] thunderbolt_ibverbs: unloaded
[302651.433226] thunderbolt_ibverbs: armed TBnet ARP proxy on thunderbolt0 for 10.0.3.44 via ardma0
[302651.433238] thunderbolt_ibverbs: TBnet identity uses stock ThunderboltIP with RDMA GID proxying tbnet=thunderbolt0 gid=ardma0
[302651.433244] thunderbolt_ibverbs: backend apple-fa57 rc=0 uc=1 tbnet_identity=1
[302651.433245] thunderbolt_ibverbs: core ready profile=mac_compat rc=0 uc=1
[302651.433267] thunderbolt_ibverbs: peer 1 created backend=apple
[302651.434620] thunderbolt_ibverbs: allocated rings service id=1 native_lane=0 tx_hop=2 rx_hop=2 out_hop=9
[302651.434844] thunderbolt_ibverbs: started rings service id=1 native_lane=0 tx_hop=2 rx_hop=2
[302651.434931] thunderbolt_ibverbs: enabled Apple data path service route=0x2 tx_path=9 rx_path=9 tx_hop=2 rx_hop=2
[302651.434932] thunderbolt_ibverbs: bound apple service id=1 key=\xff\xff\xff\xff\xff\xffAD native_lane=0 route=0x2 link_speed=20Gb/s width=0x2 rail=0x57c2d9aa path_id=64087
[302651.434956] thunderbolt_ibverbs: Thunderbolt service binding enabled
[302651.435346] thunderbolt_ibverbs: registered apple ib_device usb4_rdma4 rail=peer1/0 domain=0 guid=0300544257524253
[302651.435349] thunderbolt_ibverbs: loaded compat=auto profile=mac_compat resolved_profile=mac_compat tbnet=allow tbnet_identity=stock_proxy tbnet_identity_minimal_e2e=0 tbnet_identity_minimal_apple_only=1 lanes=1 native_control=off native_data=1 apple_data=1 native_fragment_striping=0
[302665.880088] thunderbolt_ibverbs: unregistered per-rail ib_device peer=1 rail=0
[302665.881514] thunderbolt_ibverbs: peer 1 destroyed backend=apple
[302665.881588] thunderbolt_ibverbs: unloaded
[302665.960924] thunderbolt_ibverbs: armed TBnet ARP proxy on thunderbolt0 for 10.0.3.44 via ardma0
[302665.960938] thunderbolt_ibverbs: TBnet identity uses stock ThunderboltIP with RDMA GID proxying tbnet=thunderbolt0 gid=ardma0
[302665.960944] thunderbolt_ibverbs: backend apple-fa57 rc=0 uc=1 tbnet_identity=1
[302665.960945] thunderbolt_ibverbs: core ready profile=mac_compat rc=0 uc=1
[302665.960969] thunderbolt_ibverbs: peer 1 created backend=apple
[302665.962455] thunderbolt_ibverbs: allocated rings service id=1 native_lane=0 tx_hop=2 rx_hop=2 out_hop=9
[302665.962701] thunderbolt_ibverbs: started rings service id=1 native_lane=0 tx_hop=2 rx_hop=2
[302665.962800] thunderbolt_ibverbs: enabled Apple data path service route=0x2 tx_path=9 rx_path=9 tx_hop=2 rx_hop=2
[302665.962801] thunderbolt_ibverbs: bound apple service id=1 key=\xff\xff\xff\xff\xff\xffAD native_lane=0 route=0x2 link_speed=20Gb/s width=0x2 rail=0x57c2d9aa path_id=64087
[302665.962826] thunderbolt_ibverbs: Thunderbolt service binding enabled
[302665.963194] thunderbolt_ibverbs: registered apple ib_device usb4_rdma4 rail=peer1/0 domain=0 guid=0300544257524253
[302665.963196] thunderbolt_ibverbs: loaded compat=auto profile=mac_compat resolved_profile=mac_compat tbnet=allow tbnet_identity=stock_proxy tbnet_identity_minimal_e2e=0 tbnet_identity_minimal_apple_only=1 lanes=1 native_control=off native_data=1 apple_data=1 native_fragment_striping=0
[302744.524453] thunderbolt_ibverbs: unregistered per-rail ib_device peer=1 rail=0
[302744.525508] thunderbolt_ibverbs: peer 1 destroyed backend=apple
[302744.525576] thunderbolt_ibverbs: unloaded
[302744.612590] thunderbolt_ibverbs: armed TBnet ARP proxy on thunderbolt0 for 10.0.3.44 via ardma0
[302744.612603] thunderbolt_ibverbs: TBnet identity uses stock ThunderboltIP with RDMA GID proxying tbnet=thunderbolt0 gid=ardma0
[302744.612609] thunderbolt_ibverbs: backend apple-fa57 rc=0 uc=1 tbnet_identity=1
[302744.612610] thunderbolt_ibverbs: core ready profile=mac_compat rc=0 uc=1
[302744.612633] thunderbolt_ibverbs: peer 1 created backend=apple
[302744.614023] thunderbolt_ibverbs: allocated rings service id=1 native_lane=0 tx_hop=2 rx_hop=2 out_hop=9
[302744.614242] thunderbolt_ibverbs: started rings service id=1 native_lane=0 tx_hop=2 rx_hop=2
[302744.614328] thunderbolt_ibverbs: enabled Apple data path service route=0x2 tx_path=9 rx_path=9 tx_hop=2 rx_hop=2
[302744.614329] thunderbolt_ibverbs: bound apple service id=1 key=\xff\xff\xff\xff\xff\xffAD native_lane=0 route=0x2 link_speed=20Gb/s width=0x2 rail=0x57c2d9aa path_id=64087
[302744.614348] thunderbolt_ibverbs: Thunderbolt service binding enabled
[302744.614645] thunderbolt_ibverbs: registered apple ib_device usb4_rdma4 rail=peer1/0 domain=0 guid=0300544257524253
[302744.614647] thunderbolt_ibverbs: loaded compat=auto profile=mac_compat resolved_profile=mac_compat tbnet=allow tbnet_identity=stock_proxy tbnet_identity_minimal_e2e=0 tbnet_identity_minimal_apple_only=1 lanes=1 native_control=off native_data=1 apple_data=1 native_fragment_striping=0
[303210.265097] thunderbolt_ibverbs: unregistered per-rail ib_device peer=1 rail=0
[303210.266263] thunderbolt_ibverbs: peer 1 destroyed backend=apple
[303210.266349] thunderbolt_ibverbs: unloaded
[303210.359844] thunderbolt_ibverbs: armed TBnet ARP proxy on thunderbolt0 for 10.0.3.44 via ardma0
[303210.359857] thunderbolt_ibverbs: TBnet identity uses stock ThunderboltIP with RDMA GID proxying tbnet=thunderbolt0 gid=ardma0
[303210.359863] thunderbolt_ibverbs: backend apple-fa57 rc=0 uc=1 tbnet_identity=1
[303210.359864] thunderbolt_ibverbs: core ready profile=mac_compat rc=0 uc=1
[303210.359889] thunderbolt_ibverbs: peer 1 created backend=apple
[303210.361254] thunderbolt_ibverbs: allocated rings service id=1 native_lane=0 tx_hop=2 rx_hop=2 out_hop=9
[303210.361475] thunderbolt_ibverbs: started rings service id=1 native_lane=0 tx_hop=2 rx_hop=2
[303210.361572] thunderbolt_ibverbs: enabled Apple data path service route=0x2 tx_path=9 rx_path=9 tx_hop=2 rx_hop=2
[303210.361574] thunderbolt_ibverbs: bound apple service id=1 key=\xff\xff\xff\xff\xff\xffAD native_lane=0 route=0x2 link_speed=20Gb/s width=0x2 rail=0x57c2d9aa path_id=64087
[303210.361596] thunderbolt_ibverbs: Thunderbolt service binding enabled
[303210.361886] thunderbolt_ibverbs: registered apple ib_device usb4_rdma4 rail=peer1/0 domain=0 guid=0300544257524253
[303210.361887] thunderbolt_ibverbs: loaded compat=auto profile=mac_compat resolved_profile=mac_compat tbnet=allow tbnet_identity=stock_proxy tbnet_identity_minimal_e2e=0 tbnet_identity_minimal_apple_only=1 lanes=1 native_control=off native_data=1 apple_data=1 native_fragment_striping=0
[303238.369150] thunderbolt_ibverbs: unregistered per-rail ib_device peer=1 rail=0
[303238.370394] thunderbolt_ibverbs: peer 1 destroyed backend=apple
[303238.370463] thunderbolt_ibverbs: unloaded
[303238.447179] thunderbolt_ibverbs: armed TBnet ARP proxy on thunderbolt0 for 10.0.3.44 via ardma0
[303238.447193] thunderbolt_ibverbs: TBnet identity uses stock ThunderboltIP with RDMA GID proxying tbnet=thunderbolt0 gid=ardma0
[303238.447198] thunderbolt_ibverbs: backend apple-fa57 rc=0 uc=1 tbnet_identity=1
[303238.447199] thunderbolt_ibverbs: core ready profile=mac_compat rc=0 uc=1
[303238.447224] thunderbolt_ibverbs: peer 1 created backend=apple
[303238.448624] thunderbolt_ibverbs: allocated rings service id=1 native_lane=0 tx_hop=2 rx_hop=2 out_hop=9
[303238.448852] thunderbolt_ibverbs: started rings service id=1 native_lane=0 tx_hop=2 rx_hop=2
[303238.448924] thunderbolt_ibverbs: enabled Apple data path service route=0x2 tx_path=9 rx_path=9 tx_hop=2 rx_hop=2
[303238.448925] thunderbolt_ibverbs: bound apple service id=1 key=\xff\xff\xff\xff\xff\xffAD native_lane=0 route=0x2 link_speed=20Gb/s width=0x2 rail=0x57c2d9aa path_id=64087
[303238.448946] thunderbolt_ibverbs: Thunderbolt service binding enabled
[303238.449240] thunderbolt_ibverbs: registered apple ib_device usb4_rdma4 rail=peer1/0 domain=0 guid=0300544257524253
[303238.449242] thunderbolt_ibverbs: loaded compat=auto profile=mac_compat resolved_profile=mac_compat tbnet=allow tbnet_identity=stock_proxy tbnet_identity_minimal_e2e=0 tbnet_identity_minimal_apple_only=1 lanes=1 native_control=off native_data=1 apple_data=1 native_fragment_striping=0
[307014.225579] br0.lan: port 4(enp1s0f1np1) received tcn bpdu
[307014.225588] br0.lan: topology change detected, propagating
[308792.053151] thunderbolt_ibverbs: unregistered per-rail ib_device peer=1 rail=0
[308792.054172] thunderbolt_ibverbs: peer 1 destroyed backend=apple
[308792.054254] thunderbolt_ibverbs: unloaded
[308792.127009] thunderbolt_ibverbs: armed TBnet ARP proxy on thunderbolt0 for 10.0.3.44 via ardma0
[308792.127022] thunderbolt_ibverbs: TBnet identity uses stock ThunderboltIP with RDMA GID proxying tbnet=thunderbolt0 gid=ardma0
[308792.127028] thunderbolt_ibverbs: backend apple-fa57 rc=0 uc=1 tbnet_identity=1
[308792.127029] thunderbolt_ibverbs: core ready profile=mac_compat rc=0 uc=1
[308792.127054] thunderbolt_ibverbs: peer 1 created backend=apple
[308792.128605] thunderbolt_ibverbs: allocated rings service id=1 native_lane=0 tx_hop=2 rx_hop=2 out_hop=9
[308792.128834] thunderbolt_ibverbs: started rings service id=1 native_lane=0 tx_hop=2 rx_hop=2
[308792.128914] thunderbolt_ibverbs: enabled Apple data path service route=0x2 tx_path=9 rx_path=9 tx_hop=2 rx_hop=2
[308792.128916] thunderbolt_ibverbs: bound apple service id=1 key=\xff\xff\xff\xff\xff\xffAD native_lane=0 route=0x2 link_speed=20Gb/s width=0x2 rail=0x57c2d9aa path_id=64087
[308792.128934] thunderbolt_ibverbs: Thunderbolt service binding enabled
[308792.129233] thunderbolt_ibverbs: registered apple ib_device usb4_rdma4 rail=peer1/0 domain=0 guid=0300544257524253
[308792.129235] thunderbolt_ibverbs: loaded compat=auto profile=mac_compat resolved_profile=mac_compat tbnet=allow tbnet_identity=stock_proxy tbnet_identity_minimal_e2e=0 tbnet_identity_minimal_apple_only=1 lanes=1 native_control=off native_data=1 apple_data=1 native_fragment_striping=0
linux0-mac1 allreduce failed: mac_rc=124 linux_rc=124
### delay0 durability cycle 1 done
### delay0 durability cycle 2
copying 0 paths...
copying 0 paths...
== linux module load cycle 1/1 ==
peer 1 backend=apple rails=1
  rail=0x0 route=0x2 local=0 remote=0 path=64087 link_speed=20Gb/s link_width=0x2 active=1 data_ready=1 state=tunnel_enabled negotiated=0 ready_sent=0 remote_ready=0 attempts=0 last_error=0 local_out=9 local_tx=2 local_rx=2 remote_rail=0x0 remote_out=-1 remote_tx=-1 remote_rx=-1
    data_tx_enqueued=0 data_tx_posted=0 data_tx_completed=0 data_tx_credit_stalls=0 data_tx_credit_received=0 tx_credits=0/0
    path_cfg tx_flags=0x2 rx_flags=0x6 e2e=1 wire_flags=0x3 tx_ring=1024 rx_ring=1024 sof_mask=0x2 eof_mask=0xc
    data_rx_completed=0 data_rx_credit_sent=0 data_rx_credit_send_error=0 data_rx_repost_failed=0 rx_credit_pending=0
hca_id:	usb4_rdma4
	transport:			InfiniBand (0)
	node_guid:			0300:5442:5752:4253
	sys_image_guid:			0300:5442:5752:4253
	vendor_id:			0x1d6b
	vendor_part_id:			21570
	hw_ver:				0x1
	phys_port_cnt:			1
	max_mr_size:			0xffffffffffffffff
	page_size_cap:			0x40201000
	max_qp:				1
	max_qp_wr:			1024
	device_cap_flags:		0x00000020
					CHANGE_PHY_PORT
	max_sge:			4
	max_sge_rd:			4
	max_cq:				256
	max_cqe:			4096
	max_mr:				1024
	max_pd:				256
	max_qp_rd_atom:			0
	max_ee_rd_atom:			0
	max_res_rd_atom:		0
	max_qp_init_rd_atom:		0
	max_ee_init_rd_atom:		0
	atomic_cap:			ATOMIC_NONE (0)
	max_ee:				0
	max_rdd:			0
	max_mw:				0
	max_raw_ipv6_qp:		0
	max_raw_ethy_qp:		0
	max_mcast_grp:			0
	max_mcast_qp_attach:		0
	max_total_mcast_qp_attach:	0
	max_ah:				0
	max_fmr:			0
	max_srq:			0
	max_pkeys:			1
	local_ca_ack_delay:		15
	general_odp_caps:
	rc_odp_caps:
					NO SUPPORT
	uc_odp_caps:
					NO SUPPORT
	ud_odp_caps:
					NO SUPPORT
	xrc_odp_caps:
					NO SUPPORT
	completion_timestamp_mask not supported
	core clock not supported
	device_cap_flags_ex:		0x20
	tso_caps:
		max_tso:			0
	rss_caps:
		max_rwq_indirection_tables:			0
		max_rwq_indirection_table_size:			0
		rx_hash_function:				0x0
		rx_hash_fields_mask:				0x0
	max_wq_type_rq:			0
	packet_pacing_caps:
		qp_rate_limit_min:	0kbps
		qp_rate_limit_max:	0kbps
	tag matching not supported
	num_comp_vectors:		16
		port:	1
			state:			PORT_ACTIVE (4)
			max_mtu:		4096 (5)
			active_mtu:		4096 (5)
			sm_lid:			0
			port_lid:		0
			port_lmc:		0x00
			link_layer:		Ethernet
			max_msg_sz:		0x1000000
			port_cap_flags:		0x00000000
			port_cap_flags2:	0x0000
			max_vl_num:		1 (1)
			bad_pkey_cntr:		0x0
			qkey_viol_cntr:		0x0
			sm_sl:			0
			pkey_tbl_len:		1
			gid_tbl_len:		8
			subnet_timeout:		0
			init_type_reply:	0
			active_width:		4X (2)
			active_speed:		10.0 Gbps (8)
			phys_state:		LINK_UP (5)
			GID[  0]:		fe80::5835:18ff:fedb:8d52, RoCE v2
			GID[  1]:		::ffff:10.0.3.44, RoCE v2

Using Linux HCA usb4_rdma4 and macOS HCA rdma_en3
en3: flags=8863<UP,BROADCAST,SMART,RUNNING,SIMPLEX,MULTICAST> mtu 9000
	options=460<TSO4,TSO6,CHANNEL_IO>
	ether 36:26:af:6d:62:08
	inet 10.0.3.3 netmask 0xffffff00 broadcast 10.0.3.255
	media: autoselect <full-duplex>
	status: active
			state:			PORT_ACTIVE (4)
			GID[  0]:		fe80::3426:afff:fe6d:6208
			GID[  1]:		::ffff:10.0.3.3
== mac0-linux1 barrier ==
-- mac output (rank 0) --
rank 0 entering barrier
rank 0 exited barrier
rank 0: post-barrier all_sum OK (3)
-- linux output (rank 1) --
[jaccl] Connection attempt 0 waiting 1000 ms
rank 1 entering barrier
rank 1 exited barrier
rank 1: post-barrier all_sum OK (3)
== mac0-linux1 allreduce ==
-- mac output (rank 0) --
# JACCL All-Reduce Benchmark
# Ranks:   2
# Dtype:   float32
# Warmup:  3 iters
# Timed:   100 iters
# Sizes:   4 MB .. 4 MB (x2)
# Barrier between sizes: yes
#
#    size            count        type     time (us)       algo BW        bus BW     check
#   (bytes)        (elems)                                  (GB/s)        (GB/s)          
4194304            1048576     float32       14903.7          0.28          0.28        OK
# Done.
-- linux output (rank 1) --
[jaccl] Connection attempt 0 waiting 1000 ms
== linux0-mac1 barrier ==
-- mac output (rank 1) --
rank 1 entering barrier
rank 1 exited barrier
rank 1: post-barrier all_sum OK (3)
-- linux output (rank 0) --
rank 0 entering barrier
rank 0 exited barrier
rank 0: post-barrier all_sum OK (3)
== linux0-mac1 allreduce ==
-- mac output (rank 1) --
-- linux output (rank 0) --
Pseudo-terminal will not be allocated because stdin is not a terminal.
-- linux thunderbolt_ibverbs summary --
profile: mac_compat
native_enabled: 0
apple_enabled: 1
rc_supported: 0
uc_supported: 1
native_control: off
native_same_peer_multicable: off
native_legacy_ambiguous_limited: 0
tbnet_identity: stock_proxy
tbnet_identity_state: 0x7
tbnet_identity_tbnet: thunderbolt0
tbnet_identity_gid: ardma0
tbnet_identity_proxy_ipv4: 10.0.3.44
tbnet_identity_minimal_e2e: 0
tbnet_identity_minimal_apple_only: 1
tbnet_identity_minimal_neighbor_seen: 0
tbnet_identity_rx_handler: 1
tbnet_identity_minimal_started: 0
tbnet_identity_minimal_login_rx: 0
tbnet_identity_minimal_login_tx: 0
tbnet_identity_minimal_logout_rx: 0
tbnet_identity_minimal_logout_tx: 0
tbnet_identity_minimal_status_rx: 0
tbnet_identity_minimal_status_tx: 0
tbnet_identity_minimal_packet_rx: 0
tbnet_identity_minimal_packet_tx_posted: 0
tbnet_identity_minimal_packet_tx: 0
tbnet_identity_minimal_packet_tx_errors: 0
tbnet_identity_minimal_path_errors: 0
tbnet_identity_arp_requests: 1
tbnet_identity_arp_replies: 1
tbnet_identity_arp_ignored: 1
tbnet_identity_arp_errors: 0
tbnet_policy: allow
native_service_count: 0
apple_service_registered: 1
services_registered: 1
allocate_rings: 1
start_rings: 1
negotiate_native: 0
enable_tunnels: 1
apple_tunnels_wait_tbnet: 0
apple_tunnels_pending: 0
native_data: 1
apple_data: 1
native_fragment_striping: 0
register_verbs: 1
verbs_registered: 1
verbs_ucontexts: 0
verbs_pds: 0
verbs_cqs: 0
verbs_qps: 0
verbs_mrs: 0
verbs_recv_wqes: 0
data_wr_send: 632
data_wr_op_send: 632
data_wr_op_send_imm: 0
data_wr_op_write: 0
data_wr_op_write_imm: 0
data_wr_op_unsupported: 0
data_wr_live: 0
data_wr_no_path: 0
data_wr_no_recv_credit: 0
data_wr_copied: 632
data_wr_zcopy: 0
data_wr_zcopy_fallback: 0
data_wr_zcopy_fallback_striping: 0
data_wr_zcopy_fallback_unsafe_sge: 0
data_wr_copy_error: 0
data_wr_path_send: 160772
data_wr_path_send_error: 0
data_wr_timeout: 0
apple_sq_queued: 632
apple_sq_dequeued: 632
apple_sq_full: 0
apple_sq_flushed: 0
data_tx_accepted: 632
data_tx_posted: 160772
data_tx_completed: 160772
data_tx_canceled: 0
data_tx_errors: 0
data_tx_credit_stalls: 0
data_tx_credit_received: 0
data_rx_completed: 160772
data_rx_credit_sent: 0
data_rx_credit_send_error: 0
data_rx_repost_failed: 0
data_rx_bad_frame: 0
data_rx_bad_header: 0
data_rx_send: 632
data_rx_op_send: 632
data_rx_op_send_imm: 0
data_rx_op_write: 0
data_rx_op_write_imm: 0
data_rx_ack: 0
data_tx_read_ack_ok: 0
data_tx_read_ack_retry: 0
data_tx_read_ack_error: 0
data_rx_read_ack_ok: 0
data_rx_read_ack_retry: 0
data_rx_read_ack_error: 0
data_read_resp_retransmit: 0
data_read_resp_drop: 0
data_rx_read_resp_duplicate: 0
data_rx_read_resp_gap: 0
data_rx_read_resp_remote_error: 0
data_rx_read_resp_bad_header: 0
data_rx_read_resp_copy_error: 0
data_rx_read_resp_short: 0
data_rx_read_req_no_access: 0
data_rx_read_req_no_mr: 0
data_rx_read_req_mr_access: 0
data_rx_read_req_too_large: 0
data_rx_read_req_bad_iova: 0
data_rx_read_req_alloc_error: 0
data_rx_read_req_resp_busy: 0
data_rx_read_req_resp_error: 0
data_rx_no_qp: 0
data_rx_bad_peer: 0
data_rx_unconnected_qp: 0
data_rx_qp_error: 0
data_rx_no_recv: 0
data_rx_copy_error: 0
data_rx_active_timeout: 0
data_rx_reorder_buffered: 205
data_rx_reorder_delivered: 205
data_rx_reorder_dropped: 0
data_rx_reorder_timeout: 0
data_rx_reorder_window: 0
data_rx_pending_discarded: 0
apple_rx_sof: 160772
apple_rx_eof3: 632
apple_rx_eof_other: 160140
apple_rx_sof_while_active: 160140
apple_rx_no_sof_when_idle: 0
apple_rx_eof_without_active: 0
apple_rx_len_overrun: 0
data_cq_overflow: 0
-- linux thunderbolt_ibverbs peers --
peer 1 backend=apple rails=1
  rail=0x0 route=0x2 local=0 remote=0 path=64087 link_speed=20Gb/s link_width=0x2 active=1 data_ready=1 state=tunnel_enabled negotiated=0 ready_sent=0 remote_ready=0 attempts=0 last_error=0 local_out=9 local_tx=2 local_rx=2 remote_rail=0x0 remote_out=-1 remote_tx=-1 remote_rx=-1
    data_tx_enqueued=160772 data_tx_posted=160772 data_tx_completed=160772 data_tx_credit_stalls=0 data_tx_credit_received=0 tx_credits=0/0
    path_cfg tx_flags=0x2 rx_flags=0x6 e2e=1 wire_flags=0x3 tx_ring=1024 rx_ring=1024 sof_mask=0x2 eof_mask=0xc
    data_rx_completed=160772 data_rx_credit_sent=0 data_rx_credit_send_error=0 data_rx_repost_failed=0 rx_credit_pending=0
-- linux dmesg tail --
[302580.241552] thunderbolt_ibverbs: unloaded
[302580.327866] thunderbolt_ibverbs: armed TBnet ARP proxy on thunderbolt0 for 10.0.3.44 via ardma0
[302580.327883] thunderbolt_ibverbs: TBnet identity uses stock ThunderboltIP with RDMA GID proxying tbnet=thunderbolt0 gid=ardma0
[302580.327891] thunderbolt_ibverbs: backend apple-fa57 rc=0 uc=1 tbnet_identity=1
[302580.327893] thunderbolt_ibverbs: core ready profile=mac_compat rc=0 uc=1
[302580.327921] thunderbolt_ibverbs: peer 1 created backend=apple
[302580.329407] thunderbolt_ibverbs: allocated rings service id=1 native_lane=0 tx_hop=2 rx_hop=2 out_hop=9
[302580.329707] thunderbolt_ibverbs: started rings service id=1 native_lane=0 tx_hop=2 rx_hop=2
[302580.329790] thunderbolt_ibverbs: enabled Apple data path service route=0x2 tx_path=9 rx_path=9 tx_hop=2 rx_hop=2
[302580.329791] thunderbolt_ibverbs: bound apple service id=1 key=\xff\xff\xff\xff\xff\xffAD native_lane=0 route=0x2 link_speed=20Gb/s width=0x2 rail=0x57c2d9aa path_id=64087
[302580.329811] thunderbolt_ibverbs: Thunderbolt service binding enabled
[302580.330145] thunderbolt_ibverbs: registered apple ib_device usb4_rdma4 rail=peer1/0 domain=0 guid=0300544257524253
[302580.330148] thunderbolt_ibverbs: loaded compat=auto profile=mac_compat resolved_profile=mac_compat tbnet=allow tbnet_identity=stock_proxy tbnet_identity_minimal_e2e=0 tbnet_identity_minimal_apple_only=1 lanes=1 native_control=off native_data=1 apple_data=1 native_fragment_striping=0
[302651.343497] thunderbolt_ibverbs: unregistered per-rail ib_device peer=1 rail=0
[302651.344625] thunderbolt_ibverbs: peer 1 destroyed backend=apple
[302651.344690] thunderbolt_ibverbs: unloaded
[302651.433226] thunderbolt_ibverbs: armed TBnet ARP proxy on thunderbolt0 for 10.0.3.44 via ardma0
[302651.433238] thunderbolt_ibverbs: TBnet identity uses stock ThunderboltIP with RDMA GID proxying tbnet=thunderbolt0 gid=ardma0
[302651.433244] thunderbolt_ibverbs: backend apple-fa57 rc=0 uc=1 tbnet_identity=1
[302651.433245] thunderbolt_ibverbs: core ready profile=mac_compat rc=0 uc=1
[302651.433267] thunderbolt_ibverbs: peer 1 created backend=apple
[302651.434620] thunderbolt_ibverbs: allocated rings service id=1 native_lane=0 tx_hop=2 rx_hop=2 out_hop=9
[302651.434844] thunderbolt_ibverbs: started rings service id=1 native_lane=0 tx_hop=2 rx_hop=2
[302651.434931] thunderbolt_ibverbs: enabled Apple data path service route=0x2 tx_path=9 rx_path=9 tx_hop=2 rx_hop=2
[302651.434932] thunderbolt_ibverbs: bound apple service id=1 key=\xff\xff\xff\xff\xff\xffAD native_lane=0 route=0x2 link_speed=20Gb/s width=0x2 rail=0x57c2d9aa path_id=64087
[302651.434956] thunderbolt_ibverbs: Thunderbolt service binding enabled
[302651.435346] thunderbolt_ibverbs: registered apple ib_device usb4_rdma4 rail=peer1/0 domain=0 guid=0300544257524253
[302651.435349] thunderbolt_ibverbs: loaded compat=auto profile=mac_compat resolved_profile=mac_compat tbnet=allow tbnet_identity=stock_proxy tbnet_identity_minimal_e2e=0 tbnet_identity_minimal_apple_only=1 lanes=1 native_control=off native_data=1 apple_data=1 native_fragment_striping=0
[302665.880088] thunderbolt_ibverbs: unregistered per-rail ib_device peer=1 rail=0
[302665.881514] thunderbolt_ibverbs: peer 1 destroyed backend=apple
[302665.881588] thunderbolt_ibverbs: unloaded
[302665.960924] thunderbolt_ibverbs: armed TBnet ARP proxy on thunderbolt0 for 10.0.3.44 via ardma0
[302665.960938] thunderbolt_ibverbs: TBnet identity uses stock ThunderboltIP with RDMA GID proxying tbnet=thunderbolt0 gid=ardma0
[302665.960944] thunderbolt_ibverbs: backend apple-fa57 rc=0 uc=1 tbnet_identity=1
[302665.960945] thunderbolt_ibverbs: core ready profile=mac_compat rc=0 uc=1
[302665.960969] thunderbolt_ibverbs: peer 1 created backend=apple
[302665.962455] thunderbolt_ibverbs: allocated rings service id=1 native_lane=0 tx_hop=2 rx_hop=2 out_hop=9
[302665.962701] thunderbolt_ibverbs: started rings service id=1 native_lane=0 tx_hop=2 rx_hop=2
[302665.962800] thunderbolt_ibverbs: enabled Apple data path service route=0x2 tx_path=9 rx_path=9 tx_hop=2 rx_hop=2
[302665.962801] thunderbolt_ibverbs: bound apple service id=1 key=\xff\xff\xff\xff\xff\xffAD native_lane=0 route=0x2 link_speed=20Gb/s width=0x2 rail=0x57c2d9aa path_id=64087
[302665.962826] thunderbolt_ibverbs: Thunderbolt service binding enabled
[302665.963194] thunderbolt_ibverbs: registered apple ib_device usb4_rdma4 rail=peer1/0 domain=0 guid=0300544257524253
[302665.963196] thunderbolt_ibverbs: loaded compat=auto profile=mac_compat resolved_profile=mac_compat tbnet=allow tbnet_identity=stock_proxy tbnet_identity_minimal_e2e=0 tbnet_identity_minimal_apple_only=1 lanes=1 native_control=off native_data=1 apple_data=1 native_fragment_striping=0
[302744.524453] thunderbolt_ibverbs: unregistered per-rail ib_device peer=1 rail=0
[302744.525508] thunderbolt_ibverbs: peer 1 destroyed backend=apple
[302744.525576] thunderbolt_ibverbs: unloaded
[302744.612590] thunderbolt_ibverbs: armed TBnet ARP proxy on thunderbolt0 for 10.0.3.44 via ardma0
[302744.612603] thunderbolt_ibverbs: TBnet identity uses stock ThunderboltIP with RDMA GID proxying tbnet=thunderbolt0 gid=ardma0
[302744.612609] thunderbolt_ibverbs: backend apple-fa57 rc=0 uc=1 tbnet_identity=1
[302744.612610] thunderbolt_ibverbs: core ready profile=mac_compat rc=0 uc=1
[302744.612633] thunderbolt_ibverbs: peer 1 created backend=apple
[302744.614023] thunderbolt_ibverbs: allocated rings service id=1 native_lane=0 tx_hop=2 rx_hop=2 out_hop=9
[302744.614242] thunderbolt_ibverbs: started rings service id=1 native_lane=0 tx_hop=2 rx_hop=2
[302744.614328] thunderbolt_ibverbs: enabled Apple data path service route=0x2 tx_path=9 rx_path=9 tx_hop=2 rx_hop=2
[302744.614329] thunderbolt_ibverbs: bound apple service id=1 key=\xff\xff\xff\xff\xff\xffAD native_lane=0 route=0x2 link_speed=20Gb/s width=0x2 rail=0x57c2d9aa path_id=64087
[302744.614348] thunderbolt_ibverbs: Thunderbolt service binding enabled
[302744.614645] thunderbolt_ibverbs: registered apple ib_device usb4_rdma4 rail=peer1/0 domain=0 guid=0300544257524253
[302744.614647] thunderbolt_ibverbs: loaded compat=auto profile=mac_compat resolved_profile=mac_compat tbnet=allow tbnet_identity=stock_proxy tbnet_identity_minimal_e2e=0 tbnet_identity_minimal_apple_only=1 lanes=1 native_control=off native_data=1 apple_data=1 native_fragment_striping=0
[303210.265097] thunderbolt_ibverbs: unregistered per-rail ib_device peer=1 rail=0
[303210.266263] thunderbolt_ibverbs: peer 1 destroyed backend=apple
[303210.266349] thunderbolt_ibverbs: unloaded
[303210.359844] thunderbolt_ibverbs: armed TBnet ARP proxy on thunderbolt0 for 10.0.3.44 via ardma0
[303210.359857] thunderbolt_ibverbs: TBnet identity uses stock ThunderboltIP with RDMA GID proxying tbnet=thunderbolt0 gid=ardma0
[303210.359863] thunderbolt_ibverbs: backend apple-fa57 rc=0 uc=1 tbnet_identity=1
[303210.359864] thunderbolt_ibverbs: core ready profile=mac_compat rc=0 uc=1
[303210.359889] thunderbolt_ibverbs: peer 1 created backend=apple
[303210.361254] thunderbolt_ibverbs: allocated rings service id=1 native_lane=0 tx_hop=2 rx_hop=2 out_hop=9
[303210.361475] thunderbolt_ibverbs: started rings service id=1 native_lane=0 tx_hop=2 rx_hop=2
[303210.361572] thunderbolt_ibverbs: enabled Apple data path service route=0x2 tx_path=9 rx_path=9 tx_hop=2 rx_hop=2
[303210.361574] thunderbolt_ibverbs: bound apple service id=1 key=\xff\xff\xff\xff\xff\xffAD native_lane=0 route=0x2 link_speed=20Gb/s width=0x2 rail=0x57c2d9aa path_id=64087
[303210.361596] thunderbolt_ibverbs: Thunderbolt service binding enabled
[303210.361886] thunderbolt_ibverbs: registered apple ib_device usb4_rdma4 rail=peer1/0 domain=0 guid=0300544257524253
[303210.361887] thunderbolt_ibverbs: loaded compat=auto profile=mac_compat resolved_profile=mac_compat tbnet=allow tbnet_identity=stock_proxy tbnet_identity_minimal_e2e=0 tbnet_identity_minimal_apple_only=1 lanes=1 native_control=off native_data=1 apple_data=1 native_fragment_striping=0
[303238.369150] thunderbolt_ibverbs: unregistered per-rail ib_device peer=1 rail=0
[303238.370394] thunderbolt_ibverbs: peer 1 destroyed backend=apple
[303238.370463] thunderbolt_ibverbs: unloaded
[303238.447179] thunderbolt_ibverbs: armed TBnet ARP proxy on thunderbolt0 for 10.0.3.44 via ardma0
[303238.447193] thunderbolt_ibverbs: TBnet identity uses stock ThunderboltIP with RDMA GID proxying tbnet=thunderbolt0 gid=ardma0
[303238.447198] thunderbolt_ibverbs: backend apple-fa57 rc=0 uc=1 tbnet_identity=1
[303238.447199] thunderbolt_ibverbs: core ready profile=mac_compat rc=0 uc=1
[303238.447224] thunderbolt_ibverbs: peer 1 created backend=apple
[303238.448624] thunderbolt_ibverbs: allocated rings service id=1 native_lane=0 tx_hop=2 rx_hop=2 out_hop=9
[303238.448852] thunderbolt_ibverbs: started rings service id=1 native_lane=0 tx_hop=2 rx_hop=2
[303238.448924] thunderbolt_ibverbs: enabled Apple data path service route=0x2 tx_path=9 rx_path=9 tx_hop=2 rx_hop=2
[303238.448925] thunderbolt_ibverbs: bound apple service id=1 key=\xff\xff\xff\xff\xff\xffAD native_lane=0 route=0x2 link_speed=20Gb/s width=0x2 rail=0x57c2d9aa path_id=64087
[303238.448946] thunderbolt_ibverbs: Thunderbolt service binding enabled
[303238.449240] thunderbolt_ibverbs: registered apple ib_device usb4_rdma4 rail=peer1/0 domain=0 guid=0300544257524253
[303238.449242] thunderbolt_ibverbs: loaded compat=auto profile=mac_compat resolved_profile=mac_compat tbnet=allow tbnet_identity=stock_proxy tbnet_identity_minimal_e2e=0 tbnet_identity_minimal_apple_only=1 lanes=1 native_control=off native_data=1 apple_data=1 native_fragment_striping=0
[307014.225579] br0.lan: port 4(enp1s0f1np1) received tcn bpdu
[307014.225588] br0.lan: topology change detected, propagating
[308792.053151] thunderbolt_ibverbs: unregistered per-rail ib_device peer=1 rail=0
[308792.054172] thunderbolt_ibverbs: peer 1 destroyed backend=apple
[308792.054254] thunderbolt_ibverbs: unloaded
[308792.127009] thunderbolt_ibverbs: armed TBnet ARP proxy on thunderbolt0 for 10.0.3.44 via ardma0
[308792.127022] thunderbolt_ibverbs: TBnet identity uses stock ThunderboltIP with RDMA GID proxying tbnet=thunderbolt0 gid=ardma0
[308792.127028] thunderbolt_ibverbs: backend apple-fa57 rc=0 uc=1 tbnet_identity=1
[308792.127029] thunderbolt_ibverbs: core ready profile=mac_compat rc=0 uc=1
[308792.127054] thunderbolt_ibverbs: peer 1 created backend=apple
[308792.128605] thunderbolt_ibverbs: allocated rings service id=1 native_lane=0 tx_hop=2 rx_hop=2 out_hop=9
[308792.128834] thunderbolt_ibverbs: started rings service id=1 native_lane=0 tx_hop=2 rx_hop=2
[308792.128914] thunderbolt_ibverbs: enabled Apple data path service route=0x2 tx_path=9 rx_path=9 tx_hop=2 rx_hop=2
[308792.128916] thunderbolt_ibverbs: bound apple service id=1 key=\xff\xff\xff\xff\xff\xffAD native_lane=0 route=0x2 link_speed=20Gb/s width=0x2 rail=0x57c2d9aa path_id=64087
[308792.128934] thunderbolt_ibverbs: Thunderbolt service binding enabled
[308792.129233] thunderbolt_ibverbs: registered apple ib_device usb4_rdma4 rail=peer1/0 domain=0 guid=0300544257524253
[308792.129235] thunderbolt_ibverbs: loaded compat=auto profile=mac_compat resolved_profile=mac_compat tbnet=allow tbnet_identity=stock_proxy tbnet_identity_minimal_e2e=0 tbnet_identity_minimal_apple_only=1 lanes=1 native_control=off native_data=1 apple_data=1 native_fragment_striping=0
[309106.075924] thunderbolt_ibverbs: unregistered per-rail ib_device peer=1 rail=0
[309106.077107] thunderbolt_ibverbs: peer 1 destroyed backend=apple
[309106.077175] thunderbolt_ibverbs: unloaded
[309106.153130] thunderbolt_ibverbs: armed TBnet ARP proxy on thunderbolt0 for 10.0.3.44 via ardma0
[309106.153144] thunderbolt_ibverbs: TBnet identity uses stock ThunderboltIP with RDMA GID proxying tbnet=thunderbolt0 gid=ardma0
[309106.153150] thunderbolt_ibverbs: backend apple-fa57 rc=0 uc=1 tbnet_identity=1
[309106.153151] thunderbolt_ibverbs: core ready profile=mac_compat rc=0 uc=1
[309106.153178] thunderbolt_ibverbs: peer 1 created backend=apple
[309106.154686] thunderbolt_ibverbs: allocated rings service id=1 native_lane=0 tx_hop=2 rx_hop=2 out_hop=9
[309106.154945] thunderbolt_ibverbs: started rings service id=1 native_lane=0 tx_hop=2 rx_hop=2
[309106.155035] thunderbolt_ibverbs: enabled Apple data path service route=0x2 tx_path=9 rx_path=9 tx_hop=2 rx_hop=2
[309106.155036] thunderbolt_ibverbs: bound apple service id=1 key=\xff\xff\xff\xff\xff\xffAD native_lane=0 route=0x2 link_speed=20Gb/s width=0x2 rail=0x57c2d9aa path_id=64087
[309106.155059] thunderbolt_ibverbs: Thunderbolt service binding enabled
[309106.155408] thunderbolt_ibverbs: registered apple ib_device usb4_rdma4 rail=peer1/0 domain=0 guid=0300544257524253
[309106.155411] thunderbolt_ibverbs: loaded compat=auto profile=mac_compat resolved_profile=mac_compat tbnet=allow tbnet_identity=stock_proxy tbnet_identity_minimal_e2e=0 tbnet_identity_minimal_apple_only=1 lanes=1 native_control=off native_data=1 apple_data=1 native_fragment_striping=0
linux0-mac1 allreduce failed: mac_rc=124 linux_rc=124
### delay0 durability cycle 2 done
### delay0 durability cycle 3
copying 0 paths...
copying 0 paths...
== linux module load cycle 1/1 ==
peer 1 backend=apple rails=1
  rail=0x0 route=0x2 local=0 remote=0 path=64087 link_speed=20Gb/s link_width=0x2 active=1 data_ready=1 state=tunnel_enabled negotiated=0 ready_sent=0 remote_ready=0 attempts=0 last_error=0 local_out=9 local_tx=2 local_rx=2 remote_rail=0x0 remote_out=-1 remote_tx=-1 remote_rx=-1
    data_tx_enqueued=0 data_tx_posted=0 data_tx_completed=0 data_tx_credit_stalls=0 data_tx_credit_received=0 tx_credits=0/0
    path_cfg tx_flags=0x2 rx_flags=0x6 e2e=1 wire_flags=0x3 tx_ring=1024 rx_ring=1024 sof_mask=0x2 eof_mask=0xc
    data_rx_completed=0 data_rx_credit_sent=0 data_rx_credit_send_error=0 data_rx_repost_failed=0 rx_credit_pending=0
hca_id:	usb4_rdma4
	transport:			InfiniBand (0)
	node_guid:			0300:5442:5752:4253
	sys_image_guid:			0300:5442:5752:4253
	vendor_id:			0x1d6b
	vendor_part_id:			21570
	hw_ver:				0x1
	phys_port_cnt:			1
	max_mr_size:			0xffffffffffffffff
	page_size_cap:			0x40201000
	max_qp:				1
	max_qp_wr:			1024
	device_cap_flags:		0x00000020
					CHANGE_PHY_PORT
	max_sge:			4
	max_sge_rd:			4
	max_cq:				256
	max_cqe:			4096
	max_mr:				1024
	max_pd:				256
	max_qp_rd_atom:			0
	max_ee_rd_atom:			0
	max_res_rd_atom:		0
	max_qp_init_rd_atom:		0
	max_ee_init_rd_atom:		0
	atomic_cap:			ATOMIC_NONE (0)
	max_ee:				0
	max_rdd:			0
	max_mw:				0
	max_raw_ipv6_qp:		0
	max_raw_ethy_qp:		0
	max_mcast_grp:			0
	max_mcast_qp_attach:		0
	max_total_mcast_qp_attach:	0
	max_ah:				0
	max_fmr:			0
	max_srq:			0
	max_pkeys:			1
	local_ca_ack_delay:		15
	general_odp_caps:
	rc_odp_caps:
					NO SUPPORT
	uc_odp_caps:
					NO SUPPORT
	ud_odp_caps:
					NO SUPPORT
	xrc_odp_caps:
					NO SUPPORT
	completion_timestamp_mask not supported
	core clock not supported
	device_cap_flags_ex:		0x20
	tso_caps:
		max_tso:			0
	rss_caps:
		max_rwq_indirection_tables:			0
		max_rwq_indirection_table_size:			0
		rx_hash_function:				0x0
		rx_hash_fields_mask:				0x0
	max_wq_type_rq:			0
	packet_pacing_caps:
		qp_rate_limit_min:	0kbps
		qp_rate_limit_max:	0kbps
	tag matching not supported
	num_comp_vectors:		16
		port:	1
			state:			PORT_ACTIVE (4)
			max_mtu:		4096 (5)
			active_mtu:		4096 (5)
			sm_lid:			0
			port_lid:		0
			port_lmc:		0x00
			link_layer:		Ethernet
			max_msg_sz:		0x1000000
			port_cap_flags:		0x00000000
			port_cap_flags2:	0x0000
			max_vl_num:		1 (1)
			bad_pkey_cntr:		0x0
			qkey_viol_cntr:		0x0
			sm_sl:			0
			pkey_tbl_len:		1
			gid_tbl_len:		8
			subnet_timeout:		0
			init_type_reply:	0
			active_width:		4X (2)
			active_speed:		10.0 Gbps (8)
			phys_state:		LINK_UP (5)
			GID[  0]:		fe80::5835:18ff:fedb:8d52, RoCE v2
			GID[  1]:		::ffff:10.0.3.44, RoCE v2

Using Linux HCA usb4_rdma4 and macOS HCA rdma_en3
en3: flags=8863<UP,BROADCAST,SMART,RUNNING,SIMPLEX,MULTICAST> mtu 9000
	options=460<TSO4,TSO6,CHANNEL_IO>
	ether 36:26:af:6d:62:08
	inet 10.0.3.3 netmask 0xffffff00 broadcast 10.0.3.255
	media: autoselect <full-duplex>
	status: active
			state:			PORT_ACTIVE (4)
			GID[  0]:		fe80::3426:afff:fe6d:6208
			GID[  1]:		::ffff:10.0.3.3
== mac0-linux1 barrier ==
-- mac output (rank 0) --
rank 0 entering barrier
rank 0 exited barrier
rank 0: post-barrier all_sum OK (3)
-- linux output (rank 1) --
[jaccl] Connection attempt 0 waiting 1000 ms
rank 1 entering barrier
rank 1 exited barrier
rank 1: post-barrier all_sum OK (3)
== mac0-linux1 allreduce ==
-- mac output (rank 0) --
# JACCL All-Reduce Benchmark
# Ranks:   2
# Dtype:   float32
# Warmup:  3 iters
# Timed:   100 iters
# Sizes:   4 MB .. 4 MB (x2)
# Barrier between sizes: yes
#
#    size            count        type     time (us)       algo BW        bus BW     check
#   (bytes)        (elems)                                  (GB/s)        (GB/s)          
4194304            1048576     float32       11827.5          0.35          0.35        OK
# Done.
-- linux output (rank 1) --
[jaccl] Connection attempt 0 waiting 1000 ms
== linux0-mac1 barrier ==
-- mac output (rank 1) --
rank 1 entering barrier
rank 1 exited barrier
rank 1: post-barrier all_sum OK (3)
-- linux output (rank 0) --
rank 0 entering barrier
rank 0 exited barrier
rank 0: post-barrier all_sum OK (3)
== linux0-mac1 allreduce ==
-- mac output (rank 1) --
libc++abi: terminating due to uncaught exception of type std::runtime_error: [jaccl] Recv failed with errno=54
-- linux output (rank 0) --
Pseudo-terminal will not be allocated because stdin is not a terminal.
-- linux thunderbolt_ibverbs summary --
profile: mac_compat
native_enabled: 0
apple_enabled: 1
rc_supported: 0
uc_supported: 1
native_control: off
native_same_peer_multicable: off
native_legacy_ambiguous_limited: 0
tbnet_identity: stock_proxy
tbnet_identity_state: 0x7
tbnet_identity_tbnet: thunderbolt0
tbnet_identity_gid: ardma0
tbnet_identity_proxy_ipv4: 10.0.3.44
tbnet_identity_minimal_e2e: 0
tbnet_identity_minimal_apple_only: 1
tbnet_identity_minimal_neighbor_seen: 0
tbnet_identity_rx_handler: 1
tbnet_identity_minimal_started: 0
tbnet_identity_minimal_login_rx: 0
tbnet_identity_minimal_login_tx: 0
tbnet_identity_minimal_logout_rx: 0
tbnet_identity_minimal_logout_tx: 0
tbnet_identity_minimal_status_rx: 0
tbnet_identity_minimal_status_tx: 0
tbnet_identity_minimal_packet_rx: 0
tbnet_identity_minimal_packet_tx_posted: 0
tbnet_identity_minimal_packet_tx: 0
tbnet_identity_minimal_packet_tx_errors: 0
tbnet_identity_minimal_path_errors: 0
tbnet_identity_arp_requests: 1
tbnet_identity_arp_replies: 1
tbnet_identity_arp_ignored: 1
tbnet_identity_arp_errors: 0
tbnet_policy: allow
native_service_count: 0
apple_service_registered: 1
services_registered: 1
allocate_rings: 1
start_rings: 1
negotiate_native: 0
enable_tunnels: 1
apple_tunnels_wait_tbnet: 0
apple_tunnels_pending: 0
native_data: 1
apple_data: 1
native_fragment_striping: 0
register_verbs: 1
verbs_registered: 1
verbs_ucontexts: 0
verbs_pds: 0
verbs_cqs: 0
verbs_qps: 0
verbs_mrs: 0
verbs_recv_wqes: 0
data_wr_send: 496
data_wr_op_send: 496
data_wr_op_send_imm: 0
data_wr_op_write: 0
data_wr_op_write_imm: 0
data_wr_op_unsupported: 0
data_wr_live: 0
data_wr_no_path: 0
data_wr_no_recv_credit: 0
data_wr_copied: 496
data_wr_zcopy: 0
data_wr_zcopy_fallback: 0
data_wr_zcopy_fallback_striping: 0
data_wr_zcopy_fallback_unsafe_sge: 0
data_wr_copy_error: 0
data_wr_path_send: 125956
data_wr_path_send_error: 0
data_wr_timeout: 0
apple_sq_queued: 496
apple_sq_dequeued: 496
apple_sq_full: 0
apple_sq_flushed: 0
data_tx_accepted: 496
data_tx_posted: 125956
data_tx_completed: 125956
data_tx_canceled: 0
data_tx_errors: 0
data_tx_credit_stalls: 0
data_tx_credit_received: 0
data_rx_completed: 125955
data_rx_credit_sent: 0
data_rx_credit_send_error: 0
data_rx_repost_failed: 0
data_rx_bad_frame: 0
data_rx_bad_header: 0
data_rx_send: 495
data_rx_op_send: 495
data_rx_op_send_imm: 0
data_rx_op_write: 0
data_rx_op_write_imm: 0
data_rx_ack: 0
data_tx_read_ack_ok: 0
data_tx_read_ack_retry: 0
data_tx_read_ack_error: 0
data_rx_read_ack_ok: 0
data_rx_read_ack_retry: 0
data_rx_read_ack_error: 0
data_read_resp_retransmit: 0
data_read_resp_drop: 0
data_rx_read_resp_duplicate: 0
data_rx_read_resp_gap: 0
data_rx_read_resp_remote_error: 0
data_rx_read_resp_bad_header: 0
data_rx_read_resp_copy_error: 0
data_rx_read_resp_short: 0
data_rx_read_req_no_access: 0
data_rx_read_req_no_mr: 0
data_rx_read_req_mr_access: 0
data_rx_read_req_too_large: 0
data_rx_read_req_bad_iova: 0
data_rx_read_req_alloc_error: 0
data_rx_read_req_resp_busy: 0
data_rx_read_req_resp_error: 0
data_rx_no_qp: 0
data_rx_bad_peer: 0
data_rx_unconnected_qp: 0
data_rx_qp_error: 0
data_rx_no_recv: 0
data_rx_copy_error: 0
data_rx_active_timeout: 0
data_rx_reorder_buffered: 201
data_rx_reorder_delivered: 201
data_rx_reorder_dropped: 0
data_rx_reorder_timeout: 0
data_rx_reorder_window: 0
data_rx_pending_discarded: 0
apple_rx_sof: 125955
apple_rx_eof3: 495
apple_rx_eof_other: 125460
apple_rx_sof_while_active: 125459
apple_rx_no_sof_when_idle: 0
apple_rx_eof_without_active: 0
apple_rx_len_overrun: 0
data_cq_overflow: 0
-- linux thunderbolt_ibverbs peers --
peer 1 backend=apple rails=1
  rail=0x0 route=0x2 local=0 remote=0 path=64087 link_speed=20Gb/s link_width=0x2 active=1 data_ready=1 state=tunnel_enabled negotiated=0 ready_sent=0 remote_ready=0 attempts=0 last_error=0 local_out=9 local_tx=2 local_rx=2 remote_rail=0x0 remote_out=-1 remote_tx=-1 remote_rx=-1
    data_tx_enqueued=125956 data_tx_posted=125956 data_tx_completed=125956 data_tx_credit_stalls=0 data_tx_credit_received=0 tx_credits=0/0
    path_cfg tx_flags=0x2 rx_flags=0x6 e2e=1 wire_flags=0x3 tx_ring=1024 rx_ring=1024 sof_mask=0x2 eof_mask=0xc
    data_rx_completed=125955 data_rx_credit_sent=0 data_rx_credit_send_error=0 data_rx_repost_failed=0 rx_credit_pending=0
-- linux dmesg tail --
[302651.344690] thunderbolt_ibverbs: unloaded
[302651.433226] thunderbolt_ibverbs: armed TBnet ARP proxy on thunderbolt0 for 10.0.3.44 via ardma0
[302651.433238] thunderbolt_ibverbs: TBnet identity uses stock ThunderboltIP with RDMA GID proxying tbnet=thunderbolt0 gid=ardma0
[302651.433244] thunderbolt_ibverbs: backend apple-fa57 rc=0 uc=1 tbnet_identity=1
[302651.433245] thunderbolt_ibverbs: core ready profile=mac_compat rc=0 uc=1
[302651.433267] thunderbolt_ibverbs: peer 1 created backend=apple
[302651.434620] thunderbolt_ibverbs: allocated rings service id=1 native_lane=0 tx_hop=2 rx_hop=2 out_hop=9
[302651.434844] thunderbolt_ibverbs: started rings service id=1 native_lane=0 tx_hop=2 rx_hop=2
[302651.434931] thunderbolt_ibverbs: enabled Apple data path service route=0x2 tx_path=9 rx_path=9 tx_hop=2 rx_hop=2
[302651.434932] thunderbolt_ibverbs: bound apple service id=1 key=\xff\xff\xff\xff\xff\xffAD native_lane=0 route=0x2 link_speed=20Gb/s width=0x2 rail=0x57c2d9aa path_id=64087
[302651.434956] thunderbolt_ibverbs: Thunderbolt service binding enabled
[302651.435346] thunderbolt_ibverbs: registered apple ib_device usb4_rdma4 rail=peer1/0 domain=0 guid=0300544257524253
[302651.435349] thunderbolt_ibverbs: loaded compat=auto profile=mac_compat resolved_profile=mac_compat tbnet=allow tbnet_identity=stock_proxy tbnet_identity_minimal_e2e=0 tbnet_identity_minimal_apple_only=1 lanes=1 native_control=off native_data=1 apple_data=1 native_fragment_striping=0
[302665.880088] thunderbolt_ibverbs: unregistered per-rail ib_device peer=1 rail=0
[302665.881514] thunderbolt_ibverbs: peer 1 destroyed backend=apple
[302665.881588] thunderbolt_ibverbs: unloaded
[302665.960924] thunderbolt_ibverbs: armed TBnet ARP proxy on thunderbolt0 for 10.0.3.44 via ardma0
[302665.960938] thunderbolt_ibverbs: TBnet identity uses stock ThunderboltIP with RDMA GID proxying tbnet=thunderbolt0 gid=ardma0
[302665.960944] thunderbolt_ibverbs: backend apple-fa57 rc=0 uc=1 tbnet_identity=1
[302665.960945] thunderbolt_ibverbs: core ready profile=mac_compat rc=0 uc=1
[302665.960969] thunderbolt_ibverbs: peer 1 created backend=apple
[302665.962455] thunderbolt_ibverbs: allocated rings service id=1 native_lane=0 tx_hop=2 rx_hop=2 out_hop=9
[302665.962701] thunderbolt_ibverbs: started rings service id=1 native_lane=0 tx_hop=2 rx_hop=2
[302665.962800] thunderbolt_ibverbs: enabled Apple data path service route=0x2 tx_path=9 rx_path=9 tx_hop=2 rx_hop=2
[302665.962801] thunderbolt_ibverbs: bound apple service id=1 key=\xff\xff\xff\xff\xff\xffAD native_lane=0 route=0x2 link_speed=20Gb/s width=0x2 rail=0x57c2d9aa path_id=64087
[302665.962826] thunderbolt_ibverbs: Thunderbolt service binding enabled
[302665.963194] thunderbolt_ibverbs: registered apple ib_device usb4_rdma4 rail=peer1/0 domain=0 guid=0300544257524253
[302665.963196] thunderbolt_ibverbs: loaded compat=auto profile=mac_compat resolved_profile=mac_compat tbnet=allow tbnet_identity=stock_proxy tbnet_identity_minimal_e2e=0 tbnet_identity_minimal_apple_only=1 lanes=1 native_control=off native_data=1 apple_data=1 native_fragment_striping=0
[302744.524453] thunderbolt_ibverbs: unregistered per-rail ib_device peer=1 rail=0
[302744.525508] thunderbolt_ibverbs: peer 1 destroyed backend=apple
[302744.525576] thunderbolt_ibverbs: unloaded
[302744.612590] thunderbolt_ibverbs: armed TBnet ARP proxy on thunderbolt0 for 10.0.3.44 via ardma0
[302744.612603] thunderbolt_ibverbs: TBnet identity uses stock ThunderboltIP with RDMA GID proxying tbnet=thunderbolt0 gid=ardma0
[302744.612609] thunderbolt_ibverbs: backend apple-fa57 rc=0 uc=1 tbnet_identity=1
[302744.612610] thunderbolt_ibverbs: core ready profile=mac_compat rc=0 uc=1
[302744.612633] thunderbolt_ibverbs: peer 1 created backend=apple
[302744.614023] thunderbolt_ibverbs: allocated rings service id=1 native_lane=0 tx_hop=2 rx_hop=2 out_hop=9
[302744.614242] thunderbolt_ibverbs: started rings service id=1 native_lane=0 tx_hop=2 rx_hop=2
[302744.614328] thunderbolt_ibverbs: enabled Apple data path service route=0x2 tx_path=9 rx_path=9 tx_hop=2 rx_hop=2
[302744.614329] thunderbolt_ibverbs: bound apple service id=1 key=\xff\xff\xff\xff\xff\xffAD native_lane=0 route=0x2 link_speed=20Gb/s width=0x2 rail=0x57c2d9aa path_id=64087
[302744.614348] thunderbolt_ibverbs: Thunderbolt service binding enabled
[302744.614645] thunderbolt_ibverbs: registered apple ib_device usb4_rdma4 rail=peer1/0 domain=0 guid=0300544257524253
[302744.614647] thunderbolt_ibverbs: loaded compat=auto profile=mac_compat resolved_profile=mac_compat tbnet=allow tbnet_identity=stock_proxy tbnet_identity_minimal_e2e=0 tbnet_identity_minimal_apple_only=1 lanes=1 native_control=off native_data=1 apple_data=1 native_fragment_striping=0
[303210.265097] thunderbolt_ibverbs: unregistered per-rail ib_device peer=1 rail=0
[303210.266263] thunderbolt_ibverbs: peer 1 destroyed backend=apple
[303210.266349] thunderbolt_ibverbs: unloaded
[303210.359844] thunderbolt_ibverbs: armed TBnet ARP proxy on thunderbolt0 for 10.0.3.44 via ardma0
[303210.359857] thunderbolt_ibverbs: TBnet identity uses stock ThunderboltIP with RDMA GID proxying tbnet=thunderbolt0 gid=ardma0
[303210.359863] thunderbolt_ibverbs: backend apple-fa57 rc=0 uc=1 tbnet_identity=1
[303210.359864] thunderbolt_ibverbs: core ready profile=mac_compat rc=0 uc=1
[303210.359889] thunderbolt_ibverbs: peer 1 created backend=apple
[303210.361254] thunderbolt_ibverbs: allocated rings service id=1 native_lane=0 tx_hop=2 rx_hop=2 out_hop=9
[303210.361475] thunderbolt_ibverbs: started rings service id=1 native_lane=0 tx_hop=2 rx_hop=2
[303210.361572] thunderbolt_ibverbs: enabled Apple data path service route=0x2 tx_path=9 rx_path=9 tx_hop=2 rx_hop=2
[303210.361574] thunderbolt_ibverbs: bound apple service id=1 key=\xff\xff\xff\xff\xff\xffAD native_lane=0 route=0x2 link_speed=20Gb/s width=0x2 rail=0x57c2d9aa path_id=64087
[303210.361596] thunderbolt_ibverbs: Thunderbolt service binding enabled
[303210.361886] thunderbolt_ibverbs: registered apple ib_device usb4_rdma4 rail=peer1/0 domain=0 guid=0300544257524253
[303210.361887] thunderbolt_ibverbs: loaded compat=auto profile=mac_compat resolved_profile=mac_compat tbnet=allow tbnet_identity=stock_proxy tbnet_identity_minimal_e2e=0 tbnet_identity_minimal_apple_only=1 lanes=1 native_control=off native_data=1 apple_data=1 native_fragment_striping=0
[303238.369150] thunderbolt_ibverbs: unregistered per-rail ib_device peer=1 rail=0
[303238.370394] thunderbolt_ibverbs: peer 1 destroyed backend=apple
[303238.370463] thunderbolt_ibverbs: unloaded
[303238.447179] thunderbolt_ibverbs: armed TBnet ARP proxy on thunderbolt0 for 10.0.3.44 via ardma0
[303238.447193] thunderbolt_ibverbs: TBnet identity uses stock ThunderboltIP with RDMA GID proxying tbnet=thunderbolt0 gid=ardma0
[303238.447198] thunderbolt_ibverbs: backend apple-fa57 rc=0 uc=1 tbnet_identity=1
[303238.447199] thunderbolt_ibverbs: core ready profile=mac_compat rc=0 uc=1
[303238.447224] thunderbolt_ibverbs: peer 1 created backend=apple
[303238.448624] thunderbolt_ibverbs: allocated rings service id=1 native_lane=0 tx_hop=2 rx_hop=2 out_hop=9
[303238.448852] thunderbolt_ibverbs: started rings service id=1 native_lane=0 tx_hop=2 rx_hop=2
[303238.448924] thunderbolt_ibverbs: enabled Apple data path service route=0x2 tx_path=9 rx_path=9 tx_hop=2 rx_hop=2
[303238.448925] thunderbolt_ibverbs: bound apple service id=1 key=\xff\xff\xff\xff\xff\xffAD native_lane=0 route=0x2 link_speed=20Gb/s width=0x2 rail=0x57c2d9aa path_id=64087
[303238.448946] thunderbolt_ibverbs: Thunderbolt service binding enabled
[303238.449240] thunderbolt_ibverbs: registered apple ib_device usb4_rdma4 rail=peer1/0 domain=0 guid=0300544257524253
[303238.449242] thunderbolt_ibverbs: loaded compat=auto profile=mac_compat resolved_profile=mac_compat tbnet=allow tbnet_identity=stock_proxy tbnet_identity_minimal_e2e=0 tbnet_identity_minimal_apple_only=1 lanes=1 native_control=off native_data=1 apple_data=1 native_fragment_striping=0
[307014.225579] br0.lan: port 4(enp1s0f1np1) received tcn bpdu
[307014.225588] br0.lan: topology change detected, propagating
[308792.053151] thunderbolt_ibverbs: unregistered per-rail ib_device peer=1 rail=0
[308792.054172] thunderbolt_ibverbs: peer 1 destroyed backend=apple
[308792.054254] thunderbolt_ibverbs: unloaded
[308792.127009] thunderbolt_ibverbs: armed TBnet ARP proxy on thunderbolt0 for 10.0.3.44 via ardma0
[308792.127022] thunderbolt_ibverbs: TBnet identity uses stock ThunderboltIP with RDMA GID proxying tbnet=thunderbolt0 gid=ardma0
[308792.127028] thunderbolt_ibverbs: backend apple-fa57 rc=0 uc=1 tbnet_identity=1
[308792.127029] thunderbolt_ibverbs: core ready profile=mac_compat rc=0 uc=1
[308792.127054] thunderbolt_ibverbs: peer 1 created backend=apple
[308792.128605] thunderbolt_ibverbs: allocated rings service id=1 native_lane=0 tx_hop=2 rx_hop=2 out_hop=9
[308792.128834] thunderbolt_ibverbs: started rings service id=1 native_lane=0 tx_hop=2 rx_hop=2
[308792.128914] thunderbolt_ibverbs: enabled Apple data path service route=0x2 tx_path=9 rx_path=9 tx_hop=2 rx_hop=2
[308792.128916] thunderbolt_ibverbs: bound apple service id=1 key=\xff\xff\xff\xff\xff\xffAD native_lane=0 route=0x2 link_speed=20Gb/s width=0x2 rail=0x57c2d9aa path_id=64087
[308792.128934] thunderbolt_ibverbs: Thunderbolt service binding enabled
[308792.129233] thunderbolt_ibverbs: registered apple ib_device usb4_rdma4 rail=peer1/0 domain=0 guid=0300544257524253
[308792.129235] thunderbolt_ibverbs: loaded compat=auto profile=mac_compat resolved_profile=mac_compat tbnet=allow tbnet_identity=stock_proxy tbnet_identity_minimal_e2e=0 tbnet_identity_minimal_apple_only=1 lanes=1 native_control=off native_data=1 apple_data=1 native_fragment_striping=0
[309106.075924] thunderbolt_ibverbs: unregistered per-rail ib_device peer=1 rail=0
[309106.077107] thunderbolt_ibverbs: peer 1 destroyed backend=apple
[309106.077175] thunderbolt_ibverbs: unloaded
[309106.153130] thunderbolt_ibverbs: armed TBnet ARP proxy on thunderbolt0 for 10.0.3.44 via ardma0
[309106.153144] thunderbolt_ibverbs: TBnet identity uses stock ThunderboltIP with RDMA GID proxying tbnet=thunderbolt0 gid=ardma0
[309106.153150] thunderbolt_ibverbs: backend apple-fa57 rc=0 uc=1 tbnet_identity=1
[309106.153151] thunderbolt_ibverbs: core ready profile=mac_compat rc=0 uc=1
[309106.153178] thunderbolt_ibverbs: peer 1 created backend=apple
[309106.154686] thunderbolt_ibverbs: allocated rings service id=1 native_lane=0 tx_hop=2 rx_hop=2 out_hop=9
[309106.154945] thunderbolt_ibverbs: started rings service id=1 native_lane=0 tx_hop=2 rx_hop=2
[309106.155035] thunderbolt_ibverbs: enabled Apple data path service route=0x2 tx_path=9 rx_path=9 tx_hop=2 rx_hop=2
[309106.155036] thunderbolt_ibverbs: bound apple service id=1 key=\xff\xff\xff\xff\xff\xffAD native_lane=0 route=0x2 link_speed=20Gb/s width=0x2 rail=0x57c2d9aa path_id=64087
[309106.155059] thunderbolt_ibverbs: Thunderbolt service binding enabled
[309106.155408] thunderbolt_ibverbs: registered apple ib_device usb4_rdma4 rail=peer1/0 domain=0 guid=0300544257524253
[309106.155411] thunderbolt_ibverbs: loaded compat=auto profile=mac_compat resolved_profile=mac_compat tbnet=allow tbnet_identity=stock_proxy tbnet_identity_minimal_e2e=0 tbnet_identity_minimal_apple_only=1 lanes=1 native_control=off native_data=1 apple_data=1 native_fragment_striping=0
[309421.138493] thunderbolt_ibverbs: unregistered per-rail ib_device peer=1 rail=0
[309421.139472] thunderbolt_ibverbs: peer 1 destroyed backend=apple
[309421.139540] thunderbolt_ibverbs: unloaded
[309421.209503] thunderbolt_ibverbs: armed TBnet ARP proxy on thunderbolt0 for 10.0.3.44 via ardma0
[309421.209514] thunderbolt_ibverbs: TBnet identity uses stock ThunderboltIP with RDMA GID proxying tbnet=thunderbolt0 gid=ardma0
[309421.209518] thunderbolt_ibverbs: backend apple-fa57 rc=0 uc=1 tbnet_identity=1
[309421.209519] thunderbolt_ibverbs: core ready profile=mac_compat rc=0 uc=1
[309421.209540] thunderbolt_ibverbs: peer 1 created backend=apple
[309421.210846] thunderbolt_ibverbs: allocated rings service id=1 native_lane=0 tx_hop=2 rx_hop=2 out_hop=9
[309421.211060] thunderbolt_ibverbs: started rings service id=1 native_lane=0 tx_hop=2 rx_hop=2
[309421.211144] thunderbolt_ibverbs: enabled Apple data path service route=0x2 tx_path=9 rx_path=9 tx_hop=2 rx_hop=2
[309421.211146] thunderbolt_ibverbs: bound apple service id=1 key=\xff\xff\xff\xff\xff\xffAD native_lane=0 route=0x2 link_speed=20Gb/s width=0x2 rail=0x57c2d9aa path_id=64087
[309421.211164] thunderbolt_ibverbs: Thunderbolt service binding enabled
[309421.211468] thunderbolt_ibverbs: registered apple ib_device usb4_rdma4 rail=peer1/0 domain=0 guid=0300544257524253
[309421.211470] thunderbolt_ibverbs: loaded compat=auto profile=mac_compat resolved_profile=mac_compat tbnet=allow tbnet_identity=stock_proxy tbnet_identity_minimal_e2e=0 tbnet_identity_minimal_apple_only=1 lanes=1 native_control=off native_data=1 apple_data=1 native_fragment_striping=0
linux0-mac1 allreduce failed: mac_rc=255 linux_rc=255
### delay0 durability cycle 3 done
