copying 0 paths...
copying 0 paths...
== linux module load cycle 1/1 ==
peer 1 backend=apple rails=1
  rail=0x0 route=0x2 local=0 remote=0 path=64087 link_speed=20Gb/s link_width=0x2 active=1 data_ready=1 state=tunnel_enabled negotiated=0 ready_sent=0 remote_ready=0 attempts=0 last_error=0 local_out=9 local_tx=2 local_rx=2 remote_rail=0x0 remote_out=-1 remote_tx=-1 remote_rx=-1
    data_tx_enqueued=0 data_tx_posted=0 data_tx_completed=0 data_tx_credit_stalls=0 data_tx_credit_received=0 tx_credits=0/0
    path_cfg tx_flags=0x2 rx_flags=0x6 e2e=1 wire_flags=0x3 tx_ring=1024 rx_ring=1024 sof_mask=0x2 eof_mask=0xc
    data_rx_completed=0 data_rx_credit_sent=0 data_rx_credit_send_error=0 data_rx_repost_failed=0 rx_credit_pending=0
hca_id:	usb4_rdma4
	transport:			InfiniBand (0)
	node_guid:			0300:5442:5752:4253
	sys_image_guid:			0300:5442:5752:4253
	vendor_id:			0x1d6b
	vendor_part_id:			21570
	hw_ver:				0x1
	phys_port_cnt:			1
	max_mr_size:			0xffffffffffffffff
	page_size_cap:			0x40201000
	max_qp:				1
	max_qp_wr:			1024
	device_cap_flags:		0x00000020
					CHANGE_PHY_PORT
	max_sge:			4
	max_sge_rd:			4
	max_cq:				256
	max_cqe:			4096
	max_mr:				1024
	max_pd:				256
	max_qp_rd_atom:			0
	max_ee_rd_atom:			0
	max_res_rd_atom:		0
	max_qp_init_rd_atom:		0
	max_ee_init_rd_atom:		0
	atomic_cap:			ATOMIC_NONE (0)
	max_ee:				0
	max_rdd:			0
	max_mw:				0
	max_raw_ipv6_qp:		0
	max_raw_ethy_qp:		0
	max_mcast_grp:			0
	max_mcast_qp_attach:		0
	max_total_mcast_qp_attach:	0
	max_ah:				0
	max_fmr:			0
	max_srq:			0
	max_pkeys:			1
	local_ca_ack_delay:		15
	general_odp_caps:
	rc_odp_caps:
					NO SUPPORT
	uc_odp_caps:
					NO SUPPORT
	ud_odp_caps:
					NO SUPPORT
	xrc_odp_caps:
					NO SUPPORT
	completion_timestamp_mask not supported
	core clock not supported
	device_cap_flags_ex:		0x20
	tso_caps:
		max_tso:			0
	rss_caps:
		max_rwq_indirection_tables:			0
		max_rwq_indirection_table_size:			0
		rx_hash_function:				0x0
		rx_hash_fields_mask:				0x0
	max_wq_type_rq:			0
	packet_pacing_caps:
		qp_rate_limit_min:	0kbps
		qp_rate_limit_max:	0kbps
	tag matching not supported
	num_comp_vectors:		16
		port:	1
			state:			PORT_ACTIVE (4)
			max_mtu:		4096 (5)
			active_mtu:		4096 (5)
			sm_lid:			0
			port_lid:		0
			port_lmc:		0x00
			link_layer:		Ethernet
			max_msg_sz:		0x1000000
			port_cap_flags:		0x00000000
			port_cap_flags2:	0x0000
			max_vl_num:		1 (1)
			bad_pkey_cntr:		0x0
			qkey_viol_cntr:		0x0
			sm_sl:			0
			pkey_tbl_len:		1
			gid_tbl_len:		8
			subnet_timeout:		0
			init_type_reply:	0
			active_width:		4X (2)
			active_speed:		10.0 Gbps (8)
			phys_state:		LINK_UP (5)
			GID[  0]:		fe80::5835:18ff:fedb:8d52, RoCE v2
			GID[  1]:		::ffff:10.0.3.44, RoCE v2

Using Linux HCA usb4_rdma4 and macOS HCA rdma_en3
en3: flags=8863<UP,BROADCAST,SMART,RUNNING,SIMPLEX,MULTICAST> mtu 9000
	options=460<TSO4,TSO6,CHANNEL_IO>
	ether 36:26:af:6d:62:08
	inet 10.0.3.3 netmask 0xffffff00 broadcast 10.0.3.255
	media: autoselect <full-duplex>
	status: active
			state:			PORT_ACTIVE (4)
			GID[  0]:		fe80::3426:afff:fe6d:6208
			GID[  1]:		::ffff:10.0.3.3
== linux0-mac1 barrier ==
-- mac output (rank 1) --
rank 1 entering barrier
rank 1 exited barrier
rank 1: post-barrier all_sum OK (3)
-- linux output (rank 0) --
rank 0 entering barrier
rank 0 exited barrier
rank 0: post-barrier all_sum OK (3)
== linux0-mac1 allreduce ==
-- mac output (rank 1) --
libc++abi: terminating due to uncaught exception of type std::runtime_error: [jaccl] Recv failed with errno=54
-- linux output (rank 0) --
Pseudo-terminal will not be allocated because stdin is not a terminal.
-- linux thunderbolt_ibverbs summary --
profile: mac_compat
native_enabled: 0
apple_enabled: 1
rc_supported: 0
uc_supported: 1
native_control: off
native_same_peer_multicable: off
native_legacy_ambiguous_limited: 0
tbnet_identity: stock_proxy
tbnet_identity_state: 0x7
tbnet_identity_tbnet: thunderbolt0
tbnet_identity_gid: ardma0
tbnet_identity_proxy_ipv4: 10.0.3.44
tbnet_identity_minimal_e2e: 0
tbnet_identity_minimal_apple_only: 1
tbnet_identity_minimal_neighbor_seen: 0
tbnet_identity_rx_handler: 1
tbnet_identity_minimal_started: 0
tbnet_identity_minimal_login_rx: 0
tbnet_identity_minimal_login_tx: 0
tbnet_identity_minimal_logout_rx: 0
tbnet_identity_minimal_logout_tx: 0
tbnet_identity_minimal_status_rx: 0
tbnet_identity_minimal_status_tx: 0
tbnet_identity_minimal_packet_rx: 0
tbnet_identity_minimal_packet_tx_posted: 0
tbnet_identity_minimal_packet_tx: 0
tbnet_identity_minimal_packet_tx_errors: 0
tbnet_identity_minimal_path_errors: 0
tbnet_identity_arp_requests: 1
tbnet_identity_arp_replies: 1
tbnet_identity_arp_ignored: 0
tbnet_identity_arp_errors: 0
tbnet_policy: allow
native_service_count: 0
apple_service_registered: 1
services_registered: 1
allocate_rings: 1
start_rings: 1
negotiate_native: 0
enable_tunnels: 1
apple_tunnels_wait_tbnet: 0
apple_tunnels_pending: 0
native_data: 1
apple_data: 1
native_fragment_striping: 0
register_verbs: 1
verbs_registered: 1
verbs_ucontexts: 0
verbs_pds: 0
verbs_cqs: 0
verbs_qps: 0
verbs_mrs: 0
verbs_recv_wqes: 0
data_wr_send: 86
data_wr_op_send: 86
data_wr_op_send_imm: 0
data_wr_op_write: 0
data_wr_op_write_imm: 0
data_wr_op_unsupported: 0
data_wr_live: 0
data_wr_no_path: 0
data_wr_no_recv_credit: 0
data_wr_copied: 86
data_wr_zcopy: 0
data_wr_zcopy_fallback: 0
data_wr_zcopy_fallback_striping: 0
data_wr_zcopy_fallback_unsafe_sge: 0
data_wr_copy_error: 0
data_wr_path_send: 21506
data_wr_path_send_error: 0
data_wr_timeout: 0
apple_sq_queued: 86
apple_sq_dequeued: 86
apple_sq_full: 0
apple_sq_flushed: 0
data_tx_accepted: 86
data_tx_posted: 21506
data_tx_completed: 21506
data_tx_canceled: 0
data_tx_errors: 0
data_tx_credit_stalls: 0
data_tx_credit_received: 0
data_rx_completed: 21505
data_rx_credit_sent: 0
data_rx_credit_send_error: 0
data_rx_repost_failed: 0
data_rx_bad_frame: 0
data_rx_bad_header: 0
data_rx_send: 85
data_rx_op_send: 85
data_rx_op_send_imm: 0
data_rx_op_write: 0
data_rx_op_write_imm: 0
data_rx_ack: 0
data_tx_read_ack_ok: 0
data_tx_read_ack_retry: 0
data_tx_read_ack_error: 0
data_rx_read_ack_ok: 0
data_rx_read_ack_retry: 0
data_rx_read_ack_error: 0
data_read_resp_retransmit: 0
data_read_resp_drop: 0
data_rx_read_resp_duplicate: 0
data_rx_read_resp_gap: 0
data_rx_read_resp_remote_error: 0
data_rx_read_resp_bad_header: 0
data_rx_read_resp_copy_error: 0
data_rx_read_resp_short: 0
data_rx_read_req_no_access: 0
data_rx_read_req_no_mr: 0
data_rx_read_req_mr_access: 0
data_rx_read_req_too_large: 0
data_rx_read_req_bad_iova: 0
data_rx_read_req_alloc_error: 0
data_rx_read_req_resp_busy: 0
data_rx_read_req_resp_error: 0
data_rx_no_qp: 0
data_rx_bad_peer: 0
data_rx_unconnected_qp: 0
data_rx_qp_error: 0
data_rx_no_recv: 0
data_rx_copy_error: 0
data_rx_active_timeout: 0
data_rx_reorder_buffered: 2
data_rx_reorder_delivered: 1
data_rx_reorder_dropped: 0
data_rx_reorder_timeout: 0
data_rx_reorder_window: 0
data_rx_pending_discarded: 1
apple_rx_sof: 21505
apple_rx_eof3: 85
apple_rx_eof_other: 21420
apple_rx_sof_while_active: 21419
apple_rx_no_sof_when_idle: 0
apple_rx_eof_without_active: 0
apple_rx_len_overrun: 0
data_cq_overflow: 0
-- linux thunderbolt_ibverbs peers --
peer 1 backend=apple rails=1
  rail=0x0 route=0x2 local=0 remote=0 path=64087 link_speed=20Gb/s link_width=0x2 active=1 data_ready=1 state=tunnel_enabled negotiated=0 ready_sent=0 remote_ready=0 attempts=0 last_error=0 local_out=9 local_tx=2 local_rx=2 remote_rail=0x0 remote_out=-1 remote_tx=-1 remote_rx=-1
    data_tx_enqueued=21506 data_tx_posted=21506 data_tx_completed=21506 data_tx_credit_stalls=0 data_tx_credit_received=0 tx_credits=0/0
    path_cfg tx_flags=0x2 rx_flags=0x6 e2e=1 wire_flags=0x3 tx_ring=1024 rx_ring=1024 sof_mask=0x2 eof_mask=0xc
    data_rx_completed=21505 data_rx_credit_sent=0 data_rx_credit_send_error=0 data_rx_repost_failed=0 rx_credit_pending=0
-- linux dmesg tail --
[280464.580103] thunderbolt_ibverbs: unregistered per-rail ib_device peer=1 rail=0
[280464.581085] thunderbolt_ibverbs: peer 1 destroyed backend=apple
[280464.581143] thunderbolt_ibverbs: unloaded
[280464.663214] thunderbolt_ibverbs: armed TBnet ARP proxy on thunderbolt0 for 10.0.3.44 via ardma0
[280464.663225] thunderbolt_ibverbs: TBnet identity uses stock ThunderboltIP with RDMA GID proxying tbnet=thunderbolt0 gid=ardma0
[280464.663230] thunderbolt_ibverbs: backend apple-fa57 rc=0 uc=1 tbnet_identity=1
[280464.663231] thunderbolt_ibverbs: core ready profile=mac_compat rc=0 uc=1
[280464.663253] thunderbolt_ibverbs: peer 1 created backend=apple
[280464.664551] thunderbolt_ibverbs: allocated rings service id=1 native_lane=0 tx_hop=2 rx_hop=2 out_hop=9
[280464.664766] thunderbolt_ibverbs: started rings service id=1 native_lane=0 tx_hop=2 rx_hop=2
[280464.664848] thunderbolt_ibverbs: enabled Apple data path service route=0x2 tx_path=9 rx_path=9 tx_hop=2 rx_hop=2
[280464.664849] thunderbolt_ibverbs: bound apple service id=1 key=\xff\xff\xff\xff\xff\xffAD native_lane=0 route=0x2 link_speed=20Gb/s width=0x2 rail=0x57c2d9aa path_id=64087
[280464.664867] thunderbolt_ibverbs: Thunderbolt service binding enabled
[280464.665164] thunderbolt_ibverbs: registered apple ib_device usb4_rdma4 rail=peer1/0 domain=0 guid=0300544257524253
[280464.665166] thunderbolt_ibverbs: loaded compat=auto profile=mac_compat resolved_profile=mac_compat tbnet=allow tbnet_identity=stock_proxy tbnet_identity_minimal_e2e=0 tbnet_identity_minimal_apple_only=1 lanes=1 native_control=off native_data=1 apple_data=1 native_fragment_striping=0
[280513.212832] thunderbolt_ibverbs: unregistered per-rail ib_device peer=1 rail=0
[280513.214008] thunderbolt_ibverbs: peer 1 destroyed backend=apple
[280513.214078] thunderbolt_ibverbs: unloaded
[280513.293003] thunderbolt_ibverbs: armed TBnet ARP proxy on thunderbolt0 for 10.0.3.44 via ardma0
[280513.293017] thunderbolt_ibverbs: TBnet identity uses stock ThunderboltIP with RDMA GID proxying tbnet=thunderbolt0 gid=ardma0
[280513.293023] thunderbolt_ibverbs: backend apple-fa57 rc=0 uc=1 tbnet_identity=1
[280513.293024] thunderbolt_ibverbs: core ready profile=mac_compat rc=0 uc=1
[280513.293050] thunderbolt_ibverbs: peer 1 created backend=apple
[280513.294533] thunderbolt_ibverbs: allocated rings service id=1 native_lane=0 tx_hop=2 rx_hop=2 out_hop=9
[280513.294770] thunderbolt_ibverbs: started rings service id=1 native_lane=0 tx_hop=2 rx_hop=2
[280513.294861] thunderbolt_ibverbs: enabled Apple data path service route=0x2 tx_path=9 rx_path=9 tx_hop=2 rx_hop=2
[280513.294863] thunderbolt_ibverbs: bound apple service id=1 key=\xff\xff\xff\xff\xff\xffAD native_lane=0 route=0x2 link_speed=20Gb/s width=0x2 rail=0x57c2d9aa path_id=64087
[280513.294885] thunderbolt_ibverbs: Thunderbolt service binding enabled
[280513.295227] thunderbolt_ibverbs: registered apple ib_device usb4_rdma4 rail=peer1/0 domain=0 guid=0300544257524253
[280513.295229] thunderbolt_ibverbs: loaded compat=auto profile=mac_compat resolved_profile=mac_compat tbnet=allow tbnet_identity=stock_proxy tbnet_identity_minimal_e2e=0 tbnet_identity_minimal_apple_only=1 lanes=1 native_control=off native_data=1 apple_data=1 native_fragment_striping=0
[280541.553457] thunderbolt_ibverbs: unregistered per-rail ib_device peer=1 rail=0
[280541.554307] thunderbolt_ibverbs: peer 1 destroyed backend=apple
[280541.554360] thunderbolt_ibverbs: unloaded
[280541.635612] thunderbolt_ibverbs: armed TBnet ARP proxy on thunderbolt0 for 10.0.3.44 via ardma0
[280541.635623] thunderbolt_ibverbs: TBnet identity uses stock ThunderboltIP with RDMA GID proxying tbnet=thunderbolt0 gid=ardma0
[280541.635627] thunderbolt_ibverbs: backend apple-fa57 rc=0 uc=1 tbnet_identity=1
[280541.635628] thunderbolt_ibverbs: core ready profile=mac_compat rc=0 uc=1
[280541.635650] thunderbolt_ibverbs: peer 1 created backend=apple
[280541.637074] thunderbolt_ibverbs: allocated rings service id=1 native_lane=0 tx_hop=2 rx_hop=2 out_hop=9
[280541.637301] thunderbolt_ibverbs: started rings service id=1 native_lane=0 tx_hop=2 rx_hop=2
[280541.637383] thunderbolt_ibverbs: enabled Apple data path service route=0x2 tx_path=9 rx_path=9 tx_hop=2 rx_hop=2
[280541.637384] thunderbolt_ibverbs: bound apple service id=1 key=\xff\xff\xff\xff\xff\xffAD native_lane=0 route=0x2 link_speed=20Gb/s width=0x2 rail=0x57c2d9aa path_id=64087
[280541.637403] thunderbolt_ibverbs: Thunderbolt service binding enabled
[280541.637731] thunderbolt_ibverbs: registered apple ib_device usb4_rdma4 rail=peer1/0 domain=0 guid=0300544257524253
[280541.637733] thunderbolt_ibverbs: loaded compat=auto profile=mac_compat resolved_profile=mac_compat tbnet=allow tbnet_identity=stock_proxy tbnet_identity_minimal_e2e=0 tbnet_identity_minimal_apple_only=1 lanes=1 native_control=off native_data=1 apple_data=1 native_fragment_striping=0
[280551.423963] thunderbolt_ibverbs: unregistered per-rail ib_device peer=1 rail=0
[280551.424798] thunderbolt_ibverbs: peer 1 destroyed backend=apple
[280551.424851] thunderbolt_ibverbs: unloaded
[280551.507922] thunderbolt_ibverbs: armed TBnet ARP proxy on thunderbolt0 for 10.0.3.44 via ardma0
[280551.507934] thunderbolt_ibverbs: TBnet identity uses stock ThunderboltIP with RDMA GID proxying tbnet=thunderbolt0 gid=ardma0
[280551.507939] thunderbolt_ibverbs: backend apple-fa57 rc=0 uc=1 tbnet_identity=1
[280551.507940] thunderbolt_ibverbs: core ready profile=mac_compat rc=0 uc=1
[280551.507961] thunderbolt_ibverbs: peer 1 created backend=apple
[280551.509262] thunderbolt_ibverbs: allocated rings service id=1 native_lane=0 tx_hop=2 rx_hop=2 out_hop=9
[280551.509477] thunderbolt_ibverbs: started rings service id=1 native_lane=0 tx_hop=2 rx_hop=2
[280551.509560] thunderbolt_ibverbs: enabled Apple data path service route=0x2 tx_path=9 rx_path=9 tx_hop=2 rx_hop=2
[280551.509561] thunderbolt_ibverbs: bound apple service id=1 key=\xff\xff\xff\xff\xff\xffAD native_lane=0 route=0x2 link_speed=20Gb/s width=0x2 rail=0x57c2d9aa path_id=64087
[280551.509578] thunderbolt_ibverbs: Thunderbolt service binding enabled
[280551.509868] thunderbolt_ibverbs: registered apple ib_device usb4_rdma4 rail=peer1/0 domain=0 guid=0300544257524253
[280551.509870] thunderbolt_ibverbs: loaded compat=auto profile=mac_compat resolved_profile=mac_compat tbnet=allow tbnet_identity=stock_proxy tbnet_identity_minimal_e2e=0 tbnet_identity_minimal_apple_only=1 lanes=1 native_control=off native_data=1 apple_data=1 native_fragment_striping=0
[280561.712959] thunderbolt_ibverbs: unregistered per-rail ib_device peer=1 rail=0
[280561.713819] thunderbolt_ibverbs: peer 1 destroyed backend=apple
[280561.713871] thunderbolt_ibverbs: unloaded
[280561.784712] thunderbolt_ibverbs: armed TBnet ARP proxy on thunderbolt0 for 10.0.3.44 via ardma0
[280561.784725] thunderbolt_ibverbs: TBnet identity uses stock ThunderboltIP with RDMA GID proxying tbnet=thunderbolt0 gid=ardma0
[280561.784730] thunderbolt_ibverbs: backend apple-fa57 rc=0 uc=1 tbnet_identity=1
[280561.784731] thunderbolt_ibverbs: core ready profile=mac_compat rc=0 uc=1
[280561.784755] thunderbolt_ibverbs: peer 1 created backend=apple
[280561.786246] thunderbolt_ibverbs: allocated rings service id=1 native_lane=0 tx_hop=2 rx_hop=2 out_hop=9
[280561.786473] thunderbolt_ibverbs: started rings service id=1 native_lane=0 tx_hop=2 rx_hop=2
[280561.786560] thunderbolt_ibverbs: enabled Apple data path service route=0x2 tx_path=9 rx_path=9 tx_hop=2 rx_hop=2
[280561.786561] thunderbolt_ibverbs: bound apple service id=1 key=\xff\xff\xff\xff\xff\xffAD native_lane=0 route=0x2 link_speed=20Gb/s width=0x2 rail=0x57c2d9aa path_id=64087
[280561.786585] thunderbolt_ibverbs: Thunderbolt service binding enabled
[280561.786936] thunderbolt_ibverbs: registered apple ib_device usb4_rdma4 rail=peer1/0 domain=0 guid=0300544257524253
[280561.786938] thunderbolt_ibverbs: loaded compat=auto profile=mac_compat resolved_profile=mac_compat tbnet=allow tbnet_identity=stock_proxy tbnet_identity_minimal_e2e=0 tbnet_identity_minimal_apple_only=1 lanes=1 native_control=off native_data=1 apple_data=1 native_fragment_striping=0
[280571.510019] thunderbolt_ibverbs: unregistered per-rail ib_device peer=1 rail=0
[280571.511081] thunderbolt_ibverbs: peer 1 destroyed backend=apple
[280571.511158] thunderbolt_ibverbs: unloaded
[280571.590617] thunderbolt_ibverbs: armed TBnet ARP proxy on thunderbolt0 for 10.0.3.44 via ardma0
[280571.590629] thunderbolt_ibverbs: TBnet identity uses stock ThunderboltIP with RDMA GID proxying tbnet=thunderbolt0 gid=ardma0
[280571.590634] thunderbolt_ibverbs: backend apple-fa57 rc=0 uc=1 tbnet_identity=1
[280571.590635] thunderbolt_ibverbs: core ready profile=mac_compat rc=0 uc=1
[280571.590658] thunderbolt_ibverbs: peer 1 created backend=apple
[280571.592747] thunderbolt_ibverbs: allocated rings service id=1 native_lane=0 tx_hop=2 rx_hop=2 out_hop=9
[280571.593326] thunderbolt_ibverbs: started rings service id=1 native_lane=0 tx_hop=2 rx_hop=2
[280571.593495] thunderbolt_ibverbs: enabled Apple data path service route=0x2 tx_path=9 rx_path=9 tx_hop=2 rx_hop=2
[280571.593497] thunderbolt_ibverbs: bound apple service id=1 key=\xff\xff\xff\xff\xff\xffAD native_lane=0 route=0x2 link_speed=20Gb/s width=0x2 rail=0x57c2d9aa path_id=64087
[280571.593530] thunderbolt_ibverbs: Thunderbolt service binding enabled
[280571.593943] thunderbolt_ibverbs: registered apple ib_device usb4_rdma4 rail=peer1/0 domain=0 guid=0300544257524253
[280571.593946] thunderbolt_ibverbs: loaded compat=auto profile=mac_compat resolved_profile=mac_compat tbnet=allow tbnet_identity=stock_proxy tbnet_identity_minimal_e2e=0 tbnet_identity_minimal_apple_only=1 lanes=1 native_control=off native_data=1 apple_data=1 native_fragment_striping=0
[280581.778860] thunderbolt_ibverbs: unregistered per-rail ib_device peer=1 rail=0
[280581.780015] thunderbolt_ibverbs: peer 1 destroyed backend=apple
[280581.780074] thunderbolt_ibverbs: unloaded
[280581.861523] thunderbolt_ibverbs: armed TBnet ARP proxy on thunderbolt0 for 10.0.3.44 via ardma0
[280581.861534] thunderbolt_ibverbs: TBnet identity uses stock ThunderboltIP with RDMA GID proxying tbnet=thunderbolt0 gid=ardma0
[280581.861539] thunderbolt_ibverbs: backend apple-fa57 rc=0 uc=1 tbnet_identity=1
[280581.861540] thunderbolt_ibverbs: core ready profile=mac_compat rc=0 uc=1
[280581.861563] thunderbolt_ibverbs: peer 1 created backend=apple
[280581.862941] thunderbolt_ibverbs: allocated rings service id=1 native_lane=0 tx_hop=2 rx_hop=2 out_hop=9
[280581.863164] thunderbolt_ibverbs: started rings service id=1 native_lane=0 tx_hop=2 rx_hop=2
[280581.863249] thunderbolt_ibverbs: enabled Apple data path service route=0x2 tx_path=9 rx_path=9 tx_hop=2 rx_hop=2
[280581.863260] thunderbolt_ibverbs: bound apple service id=1 key=\xff\xff\xff\xff\xff\xffAD native_lane=0 route=0x2 link_speed=20Gb/s width=0x2 rail=0x57c2d9aa path_id=64087
[280581.863301] thunderbolt_ibverbs: Thunderbolt service binding enabled
[280581.863749] thunderbolt_ibverbs: registered apple ib_device usb4_rdma4 rail=peer1/0 domain=0 guid=0300544257524253
[280581.863754] thunderbolt_ibverbs: loaded compat=auto profile=mac_compat resolved_profile=mac_compat tbnet=allow tbnet_identity=stock_proxy tbnet_identity_minimal_e2e=0 tbnet_identity_minimal_apple_only=1 lanes=1 native_control=off native_data=1 apple_data=1 native_fragment_striping=0
[280591.582007] thunderbolt_ibverbs: unregistered per-rail ib_device peer=1 rail=0
[280591.583254] thunderbolt_ibverbs: peer 1 destroyed backend=apple
[280591.583316] thunderbolt_ibverbs: unloaded
[280591.662587] thunderbolt_ibverbs: armed TBnet ARP proxy on thunderbolt0 for 10.0.3.44 via ardma0
[280591.662598] thunderbolt_ibverbs: TBnet identity uses stock ThunderboltIP with RDMA GID proxying tbnet=thunderbolt0 gid=ardma0
[280591.662603] thunderbolt_ibverbs: backend apple-fa57 rc=0 uc=1 tbnet_identity=1
[280591.662604] thunderbolt_ibverbs: core ready profile=mac_compat rc=0 uc=1
[280591.662625] thunderbolt_ibverbs: peer 1 created backend=apple
[280591.663945] thunderbolt_ibverbs: allocated rings service id=1 native_lane=0 tx_hop=2 rx_hop=2 out_hop=9
[280591.664166] thunderbolt_ibverbs: started rings service id=1 native_lane=0 tx_hop=2 rx_hop=2
[280591.664251] thunderbolt_ibverbs: enabled Apple data path service route=0x2 tx_path=9 rx_path=9 tx_hop=2 rx_hop=2
[280591.664252] thunderbolt_ibverbs: bound apple service id=1 key=\xff\xff\xff\xff\xff\xffAD native_lane=0 route=0x2 link_speed=20Gb/s width=0x2 rail=0x57c2d9aa path_id=64087
[280591.664271] thunderbolt_ibverbs: Thunderbolt service binding enabled
[280591.664713] thunderbolt_ibverbs: registered apple ib_device usb4_rdma4 rail=peer1/0 domain=0 guid=0300544257524253
[280591.664719] thunderbolt_ibverbs: loaded compat=auto profile=mac_compat resolved_profile=mac_compat tbnet=allow tbnet_identity=stock_proxy tbnet_identity_minimal_e2e=0 tbnet_identity_minimal_apple_only=1 lanes=1 native_control=off native_data=1 apple_data=1 native_fragment_striping=0
linux0-mac1 allreduce failed: mac_rc=255 linux_rc=255
