### durability cycle 1
copying 0 paths...
copying 0 paths...
== linux module load cycle 1/1 ==
peer 1 backend=apple rails=1
  rail=0x0 route=0x2 local=0 remote=0 path=64087 link_speed=20Gb/s link_width=0x2 active=1 data_ready=1 state=tunnel_enabled negotiated=0 ready_sent=0 remote_ready=0 attempts=0 last_error=0 local_out=9 local_tx=2 local_rx=2 remote_rail=0x0 remote_out=-1 remote_tx=-1 remote_rx=-1
    data_tx_enqueued=0 data_tx_posted=0 data_tx_completed=0 data_tx_credit_stalls=0 data_tx_credit_received=0 tx_credits=0/0
    path_cfg tx_flags=0x2 rx_flags=0x6 e2e=1 wire_flags=0x3 tx_ring=1024 rx_ring=1024 sof_mask=0x2 eof_mask=0xc
    data_rx_completed=0 data_rx_credit_sent=0 data_rx_credit_send_error=0 data_rx_repost_failed=0 rx_credit_pending=0
hca_id:	usb4_rdma4
	transport:			InfiniBand (0)
	node_guid:			0300:5442:5752:4253
	sys_image_guid:			0300:5442:5752:4253
	vendor_id:			0x1d6b
	vendor_part_id:			21570
	hw_ver:				0x1
	phys_port_cnt:			1
	max_mr_size:			0xffffffffffffffff
	page_size_cap:			0x40201000
	max_qp:				1
	max_qp_wr:			1024
	device_cap_flags:		0x00000020
					CHANGE_PHY_PORT
	max_sge:			4
	max_sge_rd:			4
	max_cq:				256
	max_cqe:			4096
	max_mr:				1024
	max_pd:				256
	max_qp_rd_atom:			0
	max_ee_rd_atom:			0
	max_res_rd_atom:		0
	max_qp_init_rd_atom:		0
	max_ee_init_rd_atom:		0
	atomic_cap:			ATOMIC_NONE (0)
	max_ee:				0
	max_rdd:			0
	max_mw:				0
	max_raw_ipv6_qp:		0
	max_raw_ethy_qp:		0
	max_mcast_grp:			0
	max_mcast_qp_attach:		0
	max_total_mcast_qp_attach:	0
	max_ah:				0
	max_fmr:			0
	max_srq:			0
	max_pkeys:			1
	local_ca_ack_delay:		15
	general_odp_caps:
	rc_odp_caps:
					NO SUPPORT
	uc_odp_caps:
					NO SUPPORT
	ud_odp_caps:
					NO SUPPORT
	xrc_odp_caps:
					NO SUPPORT
	completion_timestamp_mask not supported
	core clock not supported
	device_cap_flags_ex:		0x20
	tso_caps:
		max_tso:			0
	rss_caps:
		max_rwq_indirection_tables:			0
		max_rwq_indirection_table_size:			0
		rx_hash_function:				0x0
		rx_hash_fields_mask:				0x0
	max_wq_type_rq:			0
	packet_pacing_caps:
		qp_rate_limit_min:	0kbps
		qp_rate_limit_max:	0kbps
	tag matching not supported
	num_comp_vectors:		16
		port:	1
			state:			PORT_ACTIVE (4)
			max_mtu:		4096 (5)
			active_mtu:		4096 (5)
			sm_lid:			0
			port_lid:		0
			port_lmc:		0x00
			link_layer:		Ethernet
			max_msg_sz:		0x1000000
			port_cap_flags:		0x00000000
			port_cap_flags2:	0x0000
			max_vl_num:		1 (1)
			bad_pkey_cntr:		0x0
			qkey_viol_cntr:		0x0
			sm_sl:			0
			pkey_tbl_len:		1
			gid_tbl_len:		8
			subnet_timeout:		0
			init_type_reply:	0
			active_width:		4X (2)
			active_speed:		10.0 Gbps (8)
			phys_state:		LINK_UP (5)
			GID[  0]:		fe80::5835:18ff:fedb:8d52, RoCE v2
			GID[  1]:		::ffff:10.0.3.44, RoCE v2

Using Linux HCA usb4_rdma4 and macOS HCA rdma_en3
en3: flags=8863<UP,BROADCAST,SMART,RUNNING,SIMPLEX,MULTICAST> mtu 9000
	options=460<TSO4,TSO6,CHANNEL_IO>
	ether 36:26:af:6d:62:08
	inet 10.0.3.3 netmask 0xffffff00 broadcast 10.0.3.255
	media: autoselect <full-duplex>
	status: active
			state:			PORT_ACTIVE (4)
			GID[  0]:		fe80::3426:afff:fe6d:6208
			GID[  1]:		::ffff:10.0.3.3
== mac0-linux1 barrier ==
-- mac output (rank 0) --
rank 0 entering barrier
rank 0 exited barrier
rank 0: post-barrier all_sum OK (3)
-- linux output (rank 1) --
[jaccl] Connection attempt 0 waiting 1000 ms
rank 1 entering barrier
rank 1 exited barrier
rank 1: post-barrier all_sum OK (3)
== mac0-linux1 allreduce ==
-- mac output (rank 0) --
# JACCL All-Reduce Benchmark
# Ranks:   2
# Dtype:   float32
# Warmup:  3 iters
# Timed:   100 iters
# Sizes:   4 MB .. 4 MB (x2)
# Barrier between sizes: yes
#
#    size            count        type     time (us)       algo BW        bus BW     check
#   (bytes)        (elems)                                  (GB/s)        (GB/s)          
4194304            1048576     float32       21758.8          0.19          0.19        OK
# Done.
-- linux output (rank 1) --
[jaccl] Connection attempt 0 waiting 1000 ms
== linux0-mac1 barrier ==
-- mac output (rank 1) --
rank 1 entering barrier
rank 1 exited barrier
rank 1: post-barrier all_sum OK (3)
-- linux output (rank 0) --
rank 0 entering barrier
rank 0 exited barrier
rank 0: post-barrier all_sum OK (3)
== linux0-mac1 allreduce ==
-- mac output (rank 1) --
-- linux output (rank 0) --
# JACCL All-Reduce Benchmark
# Ranks:   2
# Dtype:   float32
# Warmup:  3 iters
# Timed:   100 iters
# Sizes:   4 MB .. 4 MB (x2)
# Barrier between sizes: yes
#
#    size            count        type     time (us)       algo BW        bus BW     check
#   (bytes)        (elems)                                  (GB/s)        (GB/s)          
4194304            1048576     float32       18370.0          0.23          0.23        OK
# Done.
tbnet_identity_arp_requests: 1
tbnet_identity_arp_replies: 1
tbnet_identity_arp_ignored: 1
tbnet_identity_arp_errors: 0
data_wr_send: 836
data_tx_completed: 212996
data_rx_completed: 212996
data_rx_bad_frame: 0
data_rx_bad_header: 0
data_rx_send: 836
data_rx_no_qp: 0
data_rx_no_recv: 0
data_rx_copy_error: 0
data_rx_reorder_buffered: 200
data_rx_reorder_delivered: 200
data_rx_reorder_dropped: 0
data_rx_pending_discarded: 0
apple_rx_sof: 212996
apple_rx_eof3: 836
apple_rx_eof_other: 212160
apple_rx_sof_while_active: 212160
apple_rx_no_sof_when_idle: 0
apple_rx_eof_without_active: 0
apple_rx_len_overrun: 0
data_cq_overflow: 0
PASS: Apple/macOS JACCL clean-driver gate completed
### durability cycle 1 done
### durability cycle 2
copying 0 paths...
copying 0 paths...
== linux module load cycle 1/1 ==
peer 1 backend=apple rails=1
  rail=0x0 route=0x2 local=0 remote=0 path=64087 link_speed=20Gb/s link_width=0x2 active=1 data_ready=1 state=tunnel_enabled negotiated=0 ready_sent=0 remote_ready=0 attempts=0 last_error=0 local_out=9 local_tx=2 local_rx=2 remote_rail=0x0 remote_out=-1 remote_tx=-1 remote_rx=-1
    data_tx_enqueued=0 data_tx_posted=0 data_tx_completed=0 data_tx_credit_stalls=0 data_tx_credit_received=0 tx_credits=0/0
    path_cfg tx_flags=0x2 rx_flags=0x6 e2e=1 wire_flags=0x3 tx_ring=1024 rx_ring=1024 sof_mask=0x2 eof_mask=0xc
    data_rx_completed=0 data_rx_credit_sent=0 data_rx_credit_send_error=0 data_rx_repost_failed=0 rx_credit_pending=0
hca_id:	usb4_rdma4
	transport:			InfiniBand (0)
	node_guid:			0300:5442:5752:4253
	sys_image_guid:			0300:5442:5752:4253
	vendor_id:			0x1d6b
	vendor_part_id:			21570
	hw_ver:				0x1
	phys_port_cnt:			1
	max_mr_size:			0xffffffffffffffff
	page_size_cap:			0x40201000
	max_qp:				1
	max_qp_wr:			1024
	device_cap_flags:		0x00000020
					CHANGE_PHY_PORT
	max_sge:			4
	max_sge_rd:			4
	max_cq:				256
	max_cqe:			4096
	max_mr:				1024
	max_pd:				256
	max_qp_rd_atom:			0
	max_ee_rd_atom:			0
	max_res_rd_atom:		0
	max_qp_init_rd_atom:		0
	max_ee_init_rd_atom:		0
	atomic_cap:			ATOMIC_NONE (0)
	max_ee:				0
	max_rdd:			0
	max_mw:				0
	max_raw_ipv6_qp:		0
	max_raw_ethy_qp:		0
	max_mcast_grp:			0
	max_mcast_qp_attach:		0
	max_total_mcast_qp_attach:	0
	max_ah:				0
	max_fmr:			0
	max_srq:			0
	max_pkeys:			1
	local_ca_ack_delay:		15
	general_odp_caps:
	rc_odp_caps:
					NO SUPPORT
	uc_odp_caps:
					NO SUPPORT
	ud_odp_caps:
					NO SUPPORT
	xrc_odp_caps:
					NO SUPPORT
	completion_timestamp_mask not supported
	core clock not supported
	device_cap_flags_ex:		0x20
	tso_caps:
		max_tso:			0
	rss_caps:
		max_rwq_indirection_tables:			0
		max_rwq_indirection_table_size:			0
		rx_hash_function:				0x0
		rx_hash_fields_mask:				0x0
	max_wq_type_rq:			0
	packet_pacing_caps:
		qp_rate_limit_min:	0kbps
		qp_rate_limit_max:	0kbps
	tag matching not supported
	num_comp_vectors:		16
		port:	1
			state:			PORT_ACTIVE (4)
			max_mtu:		4096 (5)
			active_mtu:		4096 (5)
			sm_lid:			0
			port_lid:		0
			port_lmc:		0x00
			link_layer:		Ethernet
			max_msg_sz:		0x1000000
			port_cap_flags:		0x00000000
			port_cap_flags2:	0x0000
			max_vl_num:		1 (1)
			bad_pkey_cntr:		0x0
			qkey_viol_cntr:		0x0
			sm_sl:			0
			pkey_tbl_len:		1
			gid_tbl_len:		8
			subnet_timeout:		0
			init_type_reply:	0
			active_width:		4X (2)
			active_speed:		10.0 Gbps (8)
			phys_state:		LINK_UP (5)
			GID[  0]:		fe80::5835:18ff:fedb:8d52, RoCE v2
			GID[  1]:		::ffff:10.0.3.44, RoCE v2

Using Linux HCA usb4_rdma4 and macOS HCA rdma_en3
en3: flags=8863<UP,BROADCAST,SMART,RUNNING,SIMPLEX,MULTICAST> mtu 9000
	options=460<TSO4,TSO6,CHANNEL_IO>
	ether 36:26:af:6d:62:08
	inet 10.0.3.3 netmask 0xffffff00 broadcast 10.0.3.255
	media: autoselect <full-duplex>
	status: active
			state:			PORT_ACTIVE (4)
			GID[  0]:		fe80::3426:afff:fe6d:6208
			GID[  1]:		::ffff:10.0.3.3
== mac0-linux1 barrier ==
-- mac output (rank 0) --
rank 0 entering barrier
rank 0 exited barrier
rank 0: post-barrier all_sum OK (3)
-- linux output (rank 1) --
[jaccl] Connection attempt 0 waiting 1000 ms
rank 1 entering barrier
rank 1 exited barrier
rank 1: post-barrier all_sum OK (3)
== mac0-linux1 allreduce ==
-- mac output (rank 0) --
# JACCL All-Reduce Benchmark
# Ranks:   2
# Dtype:   float32
# Warmup:  3 iters
# Timed:   100 iters
# Sizes:   4 MB .. 4 MB (x2)
# Barrier between sizes: yes
#
#    size            count        type     time (us)       algo BW        bus BW     check
#   (bytes)        (elems)                                  (GB/s)        (GB/s)          
4194304            1048576     float32       21708.8          0.19          0.19        OK
# Done.
-- linux output (rank 1) --
[jaccl] Connection attempt 0 waiting 1000 ms
== linux0-mac1 barrier ==
-- mac output (rank 1) --
rank 1 entering barrier
rank 1 exited barrier
rank 1: post-barrier all_sum OK (3)
-- linux output (rank 0) --
rank 0 entering barrier
rank 0 exited barrier
rank 0: post-barrier all_sum OK (3)
== linux0-mac1 allreduce ==
-- mac output (rank 1) --
-- linux output (rank 0) --
# JACCL All-Reduce Benchmark
# Ranks:   2
# Dtype:   float32
# Warmup:  3 iters
# Timed:   100 iters
# Sizes:   4 MB .. 4 MB (x2)
# Barrier between sizes: yes
#
#    size            count        type     time (us)       algo BW        bus BW     check
#   (bytes)        (elems)                                  (GB/s)        (GB/s)          
4194304            1048576     float32       17570.0          0.24          0.24        OK
# Done.
tbnet_identity_arp_requests: 1
tbnet_identity_arp_replies: 1
tbnet_identity_arp_ignored: 0
tbnet_identity_arp_errors: 0
data_wr_send: 836
data_tx_completed: 212996
data_rx_completed: 212996
data_rx_bad_frame: 0
data_rx_bad_header: 0
data_rx_send: 836
data_rx_no_qp: 0
data_rx_no_recv: 0
data_rx_copy_error: 0
data_rx_reorder_buffered: 196
data_rx_reorder_delivered: 196
data_rx_reorder_dropped: 0
data_rx_pending_discarded: 0
apple_rx_sof: 212996
apple_rx_eof3: 836
apple_rx_eof_other: 212160
apple_rx_sof_while_active: 212160
apple_rx_no_sof_when_idle: 0
apple_rx_eof_without_active: 0
apple_rx_len_overrun: 0
data_cq_overflow: 0
PASS: Apple/macOS JACCL clean-driver gate completed
### durability cycle 2 done
### durability cycle 3
copying 0 paths...
copying 0 paths...
== linux module load cycle 1/1 ==
peer 1 backend=apple rails=1
  rail=0x0 route=0x2 local=0 remote=0 path=64087 link_speed=20Gb/s link_width=0x2 active=1 data_ready=1 state=tunnel_enabled negotiated=0 ready_sent=0 remote_ready=0 attempts=0 last_error=0 local_out=9 local_tx=2 local_rx=2 remote_rail=0x0 remote_out=-1 remote_tx=-1 remote_rx=-1
    data_tx_enqueued=0 data_tx_posted=0 data_tx_completed=0 data_tx_credit_stalls=0 data_tx_credit_received=0 tx_credits=0/0
    path_cfg tx_flags=0x2 rx_flags=0x6 e2e=1 wire_flags=0x3 tx_ring=1024 rx_ring=1024 sof_mask=0x2 eof_mask=0xc
    data_rx_completed=0 data_rx_credit_sent=0 data_rx_credit_send_error=0 data_rx_repost_failed=0 rx_credit_pending=0
hca_id:	usb4_rdma4
	transport:			InfiniBand (0)
	node_guid:			0300:5442:5752:4253
	sys_image_guid:			0300:5442:5752:4253
	vendor_id:			0x1d6b
	vendor_part_id:			21570
	hw_ver:				0x1
	phys_port_cnt:			1
	max_mr_size:			0xffffffffffffffff
	page_size_cap:			0x40201000
	max_qp:				1
	max_qp_wr:			1024
	device_cap_flags:		0x00000020
					CHANGE_PHY_PORT
	max_sge:			4
	max_sge_rd:			4
	max_cq:				256
	max_cqe:			4096
	max_mr:				1024
	max_pd:				256
	max_qp_rd_atom:			0
	max_ee_rd_atom:			0
	max_res_rd_atom:		0
	max_qp_init_rd_atom:		0
	max_ee_init_rd_atom:		0
	atomic_cap:			ATOMIC_NONE (0)
	max_ee:				0
	max_rdd:			0
	max_mw:				0
	max_raw_ipv6_qp:		0
	max_raw_ethy_qp:		0
	max_mcast_grp:			0
	max_mcast_qp_attach:		0
	max_total_mcast_qp_attach:	0
	max_ah:				0
	max_fmr:			0
	max_srq:			0
	max_pkeys:			1
	local_ca_ack_delay:		15
	general_odp_caps:
	rc_odp_caps:
					NO SUPPORT
	uc_odp_caps:
					NO SUPPORT
	ud_odp_caps:
					NO SUPPORT
	xrc_odp_caps:
					NO SUPPORT
	completion_timestamp_mask not supported
	core clock not supported
	device_cap_flags_ex:		0x20
	tso_caps:
		max_tso:			0
	rss_caps:
		max_rwq_indirection_tables:			0
		max_rwq_indirection_table_size:			0
		rx_hash_function:				0x0
		rx_hash_fields_mask:				0x0
	max_wq_type_rq:			0
	packet_pacing_caps:
		qp_rate_limit_min:	0kbps
		qp_rate_limit_max:	0kbps
	tag matching not supported
	num_comp_vectors:		16
		port:	1
			state:			PORT_ACTIVE (4)
			max_mtu:		4096 (5)
			active_mtu:		4096 (5)
			sm_lid:			0
			port_lid:		0
			port_lmc:		0x00
			link_layer:		Ethernet
			max_msg_sz:		0x1000000
			port_cap_flags:		0x00000000
			port_cap_flags2:	0x0000
			max_vl_num:		1 (1)
			bad_pkey_cntr:		0x0
			qkey_viol_cntr:		0x0
			sm_sl:			0
			pkey_tbl_len:		1
			gid_tbl_len:		8
			subnet_timeout:		0
			init_type_reply:	0
			active_width:		4X (2)
			active_speed:		10.0 Gbps (8)
			phys_state:		LINK_UP (5)
			GID[  0]:		fe80::5835:18ff:fedb:8d52, RoCE v2
			GID[  1]:		::ffff:10.0.3.44, RoCE v2

Using Linux HCA usb4_rdma4 and macOS HCA rdma_en3
en3: flags=8863<UP,BROADCAST,SMART,RUNNING,SIMPLEX,MULTICAST> mtu 9000
	options=460<TSO4,TSO6,CHANNEL_IO>
	ether 36:26:af:6d:62:08
	inet 10.0.3.3 netmask 0xffffff00 broadcast 10.0.3.255
	media: autoselect <full-duplex>
	status: active
			state:			PORT_ACTIVE (4)
			GID[  0]:		fe80::3426:afff:fe6d:6208
			GID[  1]:		::ffff:10.0.3.3
== mac0-linux1 barrier ==
-- mac output (rank 0) --
rank 0 entering barrier
rank 0 exited barrier
rank 0: post-barrier all_sum OK (3)
-- linux output (rank 1) --
[jaccl] Connection attempt 0 waiting 1000 ms
rank 1 entering barrier
rank 1 exited barrier
rank 1: post-barrier all_sum OK (3)
== mac0-linux1 allreduce ==
-- mac output (rank 0) --
# JACCL All-Reduce Benchmark
# Ranks:   2
# Dtype:   float32
# Warmup:  3 iters
# Timed:   100 iters
# Sizes:   4 MB .. 4 MB (x2)
# Barrier between sizes: yes
#
#    size            count        type     time (us)       algo BW        bus BW     check
#   (bytes)        (elems)                                  (GB/s)        (GB/s)          
4194304            1048576     float32       21328.2          0.20          0.20        OK
# Done.
-- linux output (rank 1) --
[jaccl] Connection attempt 0 waiting 1000 ms
== linux0-mac1 barrier ==
-- mac output (rank 1) --
rank 1 entering barrier
rank 1 exited barrier
rank 1: post-barrier all_sum OK (3)
-- linux output (rank 0) --
rank 0 entering barrier
rank 0 exited barrier
rank 0: post-barrier all_sum OK (3)
== linux0-mac1 allreduce ==
-- mac output (rank 1) --
-- linux output (rank 0) --
# JACCL All-Reduce Benchmark
# Ranks:   2
# Dtype:   float32
# Warmup:  3 iters
# Timed:   100 iters
# Sizes:   4 MB .. 4 MB (x2)
# Barrier between sizes: yes
#
#    size            count        type     time (us)       algo BW        bus BW     check
#   (bytes)        (elems)                                  (GB/s)        (GB/s)          
4194304            1048576     float32       18469.9          0.23          0.23        OK
# Done.
tbnet_identity_arp_requests: 1
tbnet_identity_arp_replies: 1
tbnet_identity_arp_ignored: 1
tbnet_identity_arp_errors: 0
data_wr_send: 836
data_tx_completed: 212996
data_rx_completed: 212996
data_rx_bad_frame: 0
data_rx_bad_header: 0
data_rx_send: 836
data_rx_no_qp: 0
data_rx_no_recv: 0
data_rx_copy_error: 0
data_rx_reorder_buffered: 205
data_rx_reorder_delivered: 205
data_rx_reorder_dropped: 0
data_rx_pending_discarded: 0
apple_rx_sof: 212996
apple_rx_eof3: 836
apple_rx_eof_other: 212160
apple_rx_sof_while_active: 212160
apple_rx_no_sof_when_idle: 0
apple_rx_eof_without_active: 0
apple_rx_len_overrun: 0
data_cq_overflow: 0
PASS: Apple/macOS JACCL clean-driver gate completed
### durability cycle 3 done
