copying 0 paths...
copying 0 paths...
Using Linux HCA usb4_rdma4 and macOS HCA rdma_en3
en3: flags=8863<UP,BROADCAST,SMART,RUNNING,SIMPLEX,MULTICAST> mtu 9000
	options=460<TSO4,TSO6,CHANNEL_IO>
	ether 36:26:af:6d:62:08
	inet 10.0.3.3 netmask 0xffffff00 broadcast 10.0.3.255
	media: autoselect <full-duplex>
	status: active
== allsum mac0-linux1 size=4K via 192.168.23.73:30020 ==
-- mac output (mac0-linux1 size=4K rank 0) --
rank 0/2 backend=jaccl MLX_RANK=0 device=Device(cpu, 0) dtype=float32
rank 0 warmup OK
rank 0 size=4096 OK
-- linux output (mac0-linux1 size=4K rank 1) --
[jaccl] Connection attempt 0 waiting 1000 ms
rank 1/2 backend=jaccl MLX_RANK=1 device=Device(cpu, 0) dtype=float32
rank 1 warmup OK
rank 1 size=4096 OK
== allsum mac0-linux1 size=64K via 192.168.23.73:30021 ==
-- mac output (mac0-linux1 size=64K rank 0) --
rank 0/2 backend=jaccl MLX_RANK=0 device=Device(cpu, 0) dtype=float32
rank 0 warmup OK
rank 0 size=65536 OK
-- linux output (mac0-linux1 size=64K rank 1) --
rank 1/2 backend=jaccl MLX_RANK=1 device=Device(cpu, 0) dtype=float32
rank 1 warmup OK
rank 1 size=65536 OK
== allsum mac0-linux1 size=1M via 192.168.23.73:30022 ==
-- mac output (mac0-linux1 size=1M rank 0) --
rank 0/2 backend=jaccl MLX_RANK=0 device=Device(cpu, 0) dtype=float32
rank 0 warmup OK
rank 0 size=1048576 mismatch expected=3 head=array([3, 3, 3, ..., 3, 3, 3], dtype=float32)
-- linux output (mac0-linux1 size=1M rank 1) --
[jaccl] Connection attempt 0 waiting 1000 ms
rank 1/2 backend=jaccl MLX_RANK=1 device=Device(cpu, 0) dtype=float32
rank 1 warmup OK
rank 1 size=1048576 OK
MLX probe failed (mac0-linux1 size=1M): mac_rc=1 linux_rc=0
