copying 0 paths...
copying 0 paths...
Using Linux HCA usb4_rdma4 and macOS HCA rdma_en3
en3: flags=8863<UP,BROADCAST,SMART,RUNNING,SIMPLEX,MULTICAST> mtu 9000
	options=460<TSO4,TSO6,CHANNEL_IO>
	ether 36:26:af:6d:62:08
	inet 10.0.3.3 netmask 0xffffff00 broadcast 10.0.3.255
	media: autoselect <full-duplex>
	status: active
== allsum mac0-linux1 via 192.168.23.73:31238 ==
-- mac output (mac0-linux1 rank 0) --
rank 0/2 backend=jaccl MLX_RANK=0 device=Device(gpu, 0) dtype=float16
rank 0 warmup OK
rank 0 size=268435456 OK time_us=1938009.7 payload_gbps=1.108 iters=1
-- linux output (mac0-linux1 rank 1) --
[jaccl] Connection attempt 0 waiting 1000 ms
rank 1/2 backend=jaccl MLX_RANK=1 device=Device(gpu, 0) dtype=float16
rank 1 warmup OK
rank 1 size=268435456 OK time_us=1847917.3 payload_gbps=1.162 iters=1
Using Linux HCA usb4_rdma4 and macOS HCA rdma_en3
en3: flags=8863<UP,BROADCAST,SMART,RUNNING,SIMPLEX,MULTICAST> mtu 9000
	options=460<TSO4,TSO6,CHANNEL_IO>
	ether 36:26:af:6d:62:08
	inet 10.0.3.3 netmask 0xffffff00 broadcast 10.0.3.255
	media: autoselect <full-duplex>
	status: active
== allsum linux0-mac1 via 192.168.23.1:31239 ==
-- mac output (linux0-mac1 rank 1) --
rank 1/2 backend=jaccl MLX_RANK=1 device=Device(gpu, 0) dtype=float16
rank 1 warmup OK
rank 1 size=268435456 OK time_us=1882777.5 payload_gbps=1.141 iters=1
-- linux output (linux0-mac1 rank 0) --
rank 0/2 backend=jaccl MLX_RANK=0 device=Device(gpu, 0) dtype=float16
rank 0 warmup OK
rank 0 size=268435456 OK time_us=1792455.4 payload_gbps=1.198 iters=1
tbnet_identity_arp_errors: 0
data_rx_no_recv: 0
data_rx_copy_error: 0
data_rx_reorder_dropped: 0
data_cq_overflow: 0
PASS: Apple/macOS MLX distributed JACCL smoke completed
