Result directory: /mnt/Home/src/blog/content/blog/thunderbolt-ibverbs/bench/collectives/apple-rdma-2026-05-25-router-mbp-rebase/uc_auto_linux-to-mac_256
copying 0 paths...
Using Linux HCA usb4_rdma4 and macOS HCA rdma_en3
== linux-to-mac-size256-count64-depth1 port=18610 ==
-- mac output --
created QP qp_num=2336 actual_cap send_wr=1 recv_wr=1 send_sge=1 recv_sge=1
recv local_qpn=2336 remote_qpn=2304 size=256 count=64 depth=1 recv_posts=1 mtu=4096
transitioning QP to RTS
modify INIT ret=0 errno=0
modify RTR ret=0 errno=0 dest_qpn=2304 sgid_index=1 dlid=0
modify RTS ret=0 errno=0
QP is RTS
posting 1 receives
posted receives
recv wc error wr_id=0 status=12 opcode=128 byte_len=0
-- linux output --
created QP qp_num=2304 actual_cap send_wr=1 recv_wr=1 send_sge=1 recv_sge=1
listening on TCP port 18610
send local_qpn=2304 remote_qpn=2336 size=256 count=64 depth=1 recv_posts=0 mtu=4096
transitioning QP to RTS
modify INIT ret=0 errno=0
modify RTR ret=0 errno=0 dest_qpn=2336 sgid_index=1 dlid=3
modify RTS ret=0 errno=0
QP is RTS
send progress done=26/64 delta=26 rate=0.05 Mbit/s elapsed=1.000 s
send progress done=26/64 delta=0 rate=0.00 Mbit/s elapsed=2.000 s
send progress done=26/64 delta=0 rate=0.00 Mbit/s elapsed=3.000 s
send progress done=26/64 delta=0 rate=0.00 Mbit/s elapsed=4.000 s
send progress done=26/64 delta=0 rate=0.00 Mbit/s elapsed=5.000 s
send wc error wr_id=26 status=12 opcode=0
linux-to-mac-size256-count64-depth1 failed: mac_rc=1 linux_rc=1
