Result directory: /mnt/Home/src/blog/content/blog/thunderbolt-ibverbs/bench/collectives/apple-rdma-2026-05-25-router-mbp-rebase/uc_send_depth1_count128_repost1
copying 0 paths...
Using Linux HCA usb4_rdma4 and macOS HCA rdma_en3
== linux-to-mac-size4096-count128-depth1 port=18610 ==
-- mac output --
created QP qp_num=2336 actual_cap send_wr=1 recv_wr=1 send_sge=1 recv_sge=1
recv local_qpn=2336 remote_qpn=2304 size=4096 count=128 depth=1 recv_posts=1 mtu=4096
transitioning QP to RTS
modify INIT ret=0 errno=0
modify RTR ret=0 errno=0 dest_qpn=2304 sgid_index=1 dlid=0
modify RTS ret=0 errno=0
QP is RTS
posting 1 receives
posted receives
check failed completed=1 wr_id=0 recv_slot=0 expected_seq=1 observed_seq=113 byte_len=4096 off=0 got=0x71 want=0x01
-- linux output --
listening on TCP port 18610
created QP qp_num=2304 actual_cap send_wr=1 recv_wr=1 send_sge=1 recv_sge=1
send local_qpn=2304 remote_qpn=2336 size=4096 count=128 depth=1 recv_posts=0 mtu=4096
transitioning QP to RTS
modify INIT ret=0 errno=0
modify RTR ret=0 errno=0 dest_qpn=2336 sgid_index=1 dlid=3
modify RTS ret=0 errno=0
QP is RTS
send progress done=128/128 delta=128 rate=1988.43 Mbit/s elapsed=0.002 s
linux-to-mac-size4096-count128-depth1 failed: mac_rc=1 linux_rc=0
